Java HotSpot(TM) 64-Bit Server VM (25.66-b17) for linux-amd64 JRE (1.8.0_66-b17), built on Oct  6 2015 17:28:34 by "java_re" with gcc 4.3.0 20080428 (Red Hat 4.3.0-8)
Memory: 4k page, physical 45320124k(33119448k free), swap 16777212k(16777212k free)
CommandLine flags: -XX:+DisableExplicitGC -XX:InitialHeapSize=1073741824 -XX:InitiatingHeapOccupancyPercent=35 -XX:+ManagementServer -XX:MaxGCPauseMillis=20 -XX:MaxHeapSize=1073741824 -XX:+PrintGC -XX:+PrintGCDateStamps -XX:+PrintGCDetails -XX:+PrintGCTimeStamps -XX:+UseCompressedClassPointers -XX:+UseCompressedOops -XX:+UseG1GC 
2017-05-23T10:54:05.566+0200: 0.960: [GC pause (G1 Evacuation Pause) (young), 0.0179022 secs]
   [Parallel Time: 7.6 ms, GC Workers: 18]
      [GC Worker Start (ms): Min: 960.6, Avg: 962.7, Max: 967.4, Diff: 6.8]
      [Ext Root Scanning (ms): Min: 0.0, Avg: 0.2, Max: 1.6, Diff: 1.6, Sum: 3.9]
      [Update RS (ms): Min: 0.0, Avg: 0.0, Max: 0.0, Diff: 0.0, Sum: 0.0]
         [Processed Buffers: Min: 0, Avg: 0.0, Max: 0, Diff: 0, Sum: 0]
      [Scan RS (ms): Min: 0.0, Avg: 0.0, Max: 0.0, Diff: 0.0, Sum: 0.1]
      [Code Root Scanning (ms): Min: 0.0, Avg: 0.1, Max: 0.3, Diff: 0.3, Sum: 0.9]
      [Object Copy (ms): Min: 0.0, Avg: 4.2, Max: 6.0, Diff: 6.0, Sum: 76.1]
      [Termination (ms): Min: 0.0, Avg: 0.3, Max: 0.4, Diff: 0.4, Sum: 5.1]
         [Termination Attempts: Min: 1, Avg: 23.8, Max: 40, Diff: 39, Sum: 429]
      [GC Worker Other (ms): Min: 0.0, Avg: 0.0, Max: 0.1, Diff: 0.1, Sum: 0.4]
      [GC Worker Total (ms): Min: 0.0, Avg: 4.8, Max: 6.8, Diff: 6.8, Sum: 86.6]
      [GC Worker End (ms): Min: 967.4, Avg: 967.5, Max: 967.6, Diff: 0.2]
   [Code Root Fixup: 0.3 ms]
   [Code Root Purge: 0.0 ms]
   [Clear CT: 1.6 ms]
   [Other: 8.4 ms]
      [Choose CSet: 0.0 ms]
      [Ref Proc: 6.7 ms]
      [Ref Enq: 0.0 ms]
      [Redirty Cards: 1.3 ms]
      [Humongous Register: 0.1 ms]
      [Humongous Reclaim: 0.0 ms]
      [Free CSet: 0.1 ms]
   [Eden: 51.0M(51.0M)->0.0B(44.0M) Survivors: 0.0B->7168.0K Heap: 51.0M(1024.0M)->8163.0K(1024.0M)]
 [Times: user=0.10 sys=0.01, real=0.01 secs] 
2017-05-23T10:54:06.128+0200: 1.522: [GC pause (G1 Evacuation Pause) (young), 0.0160030 secs]
   [Parallel Time: 7.8 ms, GC Workers: 18]
      [GC Worker Start (ms): Min: 1522.4, Avg: 1522.7, Max: 1523.2, Diff: 0.8]
      [Ext Root Scanning (ms): Min: 0.0, Avg: 0.6, Max: 1.6, Diff: 1.5, Sum: 10.8]
      [Update RS (ms): Min: 0.0, Avg: 0.0, Max: 0.2, Diff: 0.2, Sum: 0.2]
         [Processed Buffers: Min: 0, Avg: 0.1, Max: 1, Diff: 1, Sum: 1]
      [Scan RS (ms): Min: 0.0, Avg: 0.0, Max: 0.0, Diff: 0.0, Sum: 0.1]
      [Code Root Scanning (ms): Min: 0.0, Avg: 1.1, Max: 6.7, Diff: 6.7, Sum: 19.9]
      [Object Copy (ms): Min: 0.0, Avg: 2.8, Max: 5.1, Diff: 5.1, Sum: 51.0]
      [Termination (ms): Min: 0.0, Avg: 2.8, Max: 3.4, Diff: 3.4, Sum: 50.2]
         [Termination Attempts: Min: 1, Avg: 23.8, Max: 65, Diff: 64, Sum: 428]
      [GC Worker Other (ms): Min: 0.0, Avg: 0.0, Max: 0.0, Diff: 0.0, Sum: 0.2]
      [GC Worker Total (ms): Min: 6.9, Avg: 7.4, Max: 7.6, Diff: 0.8, Sum: 132.4]
      [GC Worker End (ms): Min: 1530.0, Avg: 1530.0, Max: 1530.0, Diff: 0.0]
   [Code Root Fixup: 0.5 ms]
   [Code Root Purge: 0.0 ms]
   [Clear CT: 1.4 ms]
   [Other: 6.4 ms]
      [Choose CSet: 0.0 ms]
      [Ref Proc: 4.7 ms]
      [Ref Enq: 0.0 ms]
      [Redirty Cards: 1.2 ms]
      [Humongous Register: 0.1 ms]
      [Humongous Reclaim: 0.0 ms]
      [Free CSet: 0.2 ms]
   [Eden: 44.0M(44.0M)->0.0B(44.0M) Survivors: 7168.0K->7168.0K Heap: 180.0M(1024.0M)->138.5M(1024.0M)]
 [Times: user=0.12 sys=0.01, real=0.01 secs] 
2017-05-23T10:54:06.348+0200: 1.743: [GC pause (G1 Evacuation Pause) (young), 0.0204362 secs]
   [Parallel Time: 10.9 ms, GC Workers: 18]
      [GC Worker Start (ms): Min: 1742.8, Avg: 1744.5, Max: 1747.6, Diff: 4.8]
      [Ext Root Scanning (ms): Min: 0.0, Avg: 0.2, Max: 1.9, Diff: 1.9, Sum: 3.7]
      [Update RS (ms): Min: 0.0, Avg: 0.1, Max: 1.0, Diff: 1.0, Sum: 2.3]
         [Processed Buffers: Min: 0, Avg: 0.5, Max: 6, Diff: 6, Sum: 9]
      [Scan RS (ms): Min: 0.0, Avg: 0.0, Max: 0.0, Diff: 0.0, Sum: 0.2]
      [Code Root Scanning (ms): Min: 0.0, Avg: 2.1, Max: 8.2, Diff: 8.2, Sum: 37.0]
      [Object Copy (ms): Min: 0.0, Avg: 2.7, Max: 8.7, Diff: 8.7, Sum: 48.3]
      [Termination (ms): Min: 0.0, Avg: 3.5, Max: 4.4, Diff: 4.3, Sum: 63.5]
         [Termination Attempts: Min: 1, Avg: 26.7, Max: 59, Diff: 58, Sum: 480]
      [GC Worker Other (ms): Min: 0.0, Avg: 0.0, Max: 0.0, Diff: 0.0, Sum: 0.2]
      [GC Worker Total (ms): Min: 5.5, Avg: 8.6, Max: 10.3, Diff: 4.8, Sum: 155.2]
      [GC Worker End (ms): Min: 1753.1, Avg: 1753.2, Max: 1753.2, Diff: 0.0]
   [Code Root Fixup: 0.9 ms]
   [Code Root Purge: 0.0 ms]
   [Clear CT: 0.9 ms]
   [Other: 7.7 ms]
      [Choose CSet: 0.0 ms]
      [Ref Proc: 6.5 ms]
      [Ref Enq: 0.0 ms]
      [Redirty Cards: 0.8 ms]
      [Humongous Register: 0.0 ms]
      [Humongous Reclaim: 0.0 ms]
      [Free CSet: 0.2 ms]
   [Eden: 44.0M(44.0M)->0.0B(46.0M) Survivors: 7168.0K->5120.0K Heap: 182.5M(1024.0M)->138.6M(1024.0M)]
 [Times: user=0.17 sys=0.00, real=0.02 secs] 
2017-05-23T10:54:06.505+0200: 1.900: [GC pause (G1 Evacuation Pause) (young), 0.0103083 secs]
   [Parallel Time: 4.9 ms, GC Workers: 18]
      [GC Worker Start (ms): Min: 1899.9, Avg: 1901.4, Max: 1904.3, Diff: 4.4]
      [Ext Root Scanning (ms): Min: 0.0, Avg: 0.2, Max: 0.6, Diff: 0.6, Sum: 3.0]
      [Update RS (ms): Min: 0.0, Avg: 0.6, Max: 1.8, Diff: 1.8, Sum: 10.1]
         [Processed Buffers: Min: 0, Avg: 1.3, Max: 5, Diff: 5, Sum: 24]
      [Scan RS (ms): Min: 0.0, Avg: 0.0, Max: 0.0, Diff: 0.0, Sum: 0.1]
      [Code Root Scanning (ms): Min: 0.0, Avg: 0.0, Max: 0.5, Diff: 0.5, Sum: 0.6]
      [Object Copy (ms): Min: 0.0, Avg: 0.3, Max: 0.7, Diff: 0.7, Sum: 5.6]
      [Termination (ms): Min: 0.0, Avg: 1.8, Max: 2.6, Diff: 2.6, Sum: 32.4]
         [Termination Attempts: Min: 1, Avg: 7.3, Max: 22, Diff: 21, Sum: 131]
      [GC Worker Other (ms): Min: 0.0, Avg: 0.0, Max: 0.0, Diff: 0.0, Sum: 0.2]
      [GC Worker Total (ms): Min: 0.0, Avg: 2.9, Max: 4.4, Diff: 4.4, Sum: 52.0]
      [GC Worker End (ms): Min: 1904.3, Avg: 1904.3, Max: 1904.3, Diff: 0.0]
   [Code Root Fixup: 0.1 ms]
   [Code Root Purge: 0.0 ms]
   [Clear CT: 1.2 ms]
   [Other: 4.1 ms]
      [Choose CSet: 0.0 ms]
      [Ref Proc: 2.8 ms]
      [Ref Enq: 0.0 ms]
      [Redirty Cards: 1.0 ms]
      [Humongous Register: 0.1 ms]
      [Humongous Reclaim: 0.0 ms]
      [Free CSet: 0.1 ms]
   [Eden: 46.0M(46.0M)->0.0B(49.0M) Survivors: 5120.0K->2048.0K Heap: 184.6M(1024.0M)->136.3M(1024.0M)]
 [Times: user=0.06 sys=0.00, real=0.00 secs] 
2017-05-23T10:54:06.737+0200: 2.131: [GC pause (Metadata GC Threshold) (young) (initial-mark), 0.0204651 secs]
   [Parallel Time: 13.9 ms, GC Workers: 18]
      [GC Worker Start (ms): Min: 2131.2, Avg: 2131.6, Max: 2132.0, Diff: 0.8]
      [Ext Root Scanning (ms): Min: 1.4, Avg: 2.0, Max: 3.4, Diff: 2.0, Sum: 36.4]
      [Update RS (ms): Min: 0.0, Avg: 0.1, Max: 1.8, Diff: 1.8, Sum: 2.6]
         [Processed Buffers: Min: 0, Avg: 0.8, Max: 4, Diff: 4, Sum: 14]
      [Scan RS (ms): Min: 0.0, Avg: 0.0, Max: 0.0, Diff: 0.0, Sum: 0.1]
      [Code Root Scanning (ms): Min: 0.0, Avg: 0.0, Max: 0.7, Diff: 0.7, Sum: 0.7]
      [Object Copy (ms): Min: 0.0, Avg: 1.1, Max: 10.1, Diff: 10.1, Sum: 19.7]
      [Termination (ms): Min: 0.0, Avg: 8.7, Max: 9.4, Diff: 9.4, Sum: 157.1]
         [Termination Attempts: Min: 1, Avg: 4.6, Max: 11, Diff: 10, Sum: 83]
      [GC Worker Other (ms): Min: 0.0, Avg: 0.0, Max: 0.0, Diff: 0.0, Sum: 0.2]
      [GC Worker Total (ms): Min: 11.7, Avg: 12.1, Max: 12.4, Diff: 0.8, Sum: 216.9]
      [GC Worker End (ms): Min: 2143.6, Avg: 2143.6, Max: 2143.7, Diff: 0.0]
   [Code Root Fixup: 0.2 ms]
   [Code Root Purge: 0.0 ms]
   [Clear CT: 1.1 ms]
   [Other: 5.3 ms]
      [Choose CSet: 0.0 ms]
      [Ref Proc: 3.4 ms]
      [Ref Enq: 0.0 ms]
      [Redirty Cards: 1.4 ms]
      [Humongous Register: 0.0 ms]
      [Humongous Reclaim: 0.0 ms]
      [Free CSet: 0.1 ms]
   [Eden: 48.0M(49.0M)->0.0B(47.0M) Survivors: 2048.0K->4096.0K Heap: 183.6M(1024.0M)->137.7M(1024.0M)]
 [Times: user=0.14 sys=0.01, real=0.03 secs] 
2017-05-23T10:54:06.757+0200: 2.152: [GC concurrent-root-region-scan-start]
2017-05-23T10:54:06.759+0200: 2.153: [GC concurrent-root-region-scan-end, 0.0013704 secs]
2017-05-23T10:54:06.759+0200: 2.153: [GC concurrent-mark-start]
2017-05-23T10:54:06.761+0200: 2.155: [GC concurrent-mark-end, 0.0023140 secs]
2017-05-23T10:54:06.761+0200: 2.155: [GC remark 2017-05-23T10:54:06.761+0200: 2.155: [Finalize Marking, 0.0015241 secs] 2017-05-23T10:54:06.763+0200: 2.157: [GC ref-proc, 0.0002161 secs] 2017-05-23T10:54:06.763+0200: 2.157: [Unloading, 0.0043065 secs], 0.0076356 secs]
 [Times: user=0.04 sys=0.00, real=0.01 secs] 
2017-05-23T10:54:06.769+0200: 2.163: [GC cleanup 137M->136M(1024M), 0.0058954 secs]
 [Times: user=0.01 sys=0.00, real=0.00 secs] 
2017-05-23T10:54:06.775+0200: 2.169: [GC concurrent-cleanup-start]
2017-05-23T10:54:06.775+0200: 2.169: [GC concurrent-cleanup-end, 0.0000189 secs]
2017-05-23T10:54:06.955+0200: 2.349: [GC pause (G1 Evacuation Pause) (young), 0.0109704 secs]
   [Parallel Time: 3.2 ms, GC Workers: 18]
      [GC Worker Start (ms): Min: 2349.3, Avg: 2349.6, Max: 2350.1, Diff: 0.7]
      [Ext Root Scanning (ms): Min: 0.0, Avg: 0.4, Max: 0.7, Diff: 0.7, Sum: 6.5]
      [Update RS (ms): Min: 0.0, Avg: 0.1, Max: 0.5, Diff: 0.5, Sum: 1.5]
         [Processed Buffers: Min: 0, Avg: 1.2, Max: 5, Diff: 5, Sum: 22]
      [Scan RS (ms): Min: 0.0, Avg: 0.0, Max: 0.0, Diff: 0.0, Sum: 0.2]
      [Code Root Scanning (ms): Min: 0.0, Avg: 0.0, Max: 0.5, Diff: 0.5, Sum: 0.8]
      [Object Copy (ms): Min: 0.6, Avg: 1.0, Max: 1.5, Diff: 0.9, Sum: 18.4]
      [Termination (ms): Min: 0.1, Avg: 0.6, Max: 0.8, Diff: 0.8, Sum: 11.2]
         [Termination Attempts: Min: 1, Avg: 1.4, Max: 3, Diff: 2, Sum: 26]
      [GC Worker Other (ms): Min: 0.0, Avg: 0.1, Max: 0.2, Diff: 0.2, Sum: 1.4]
      [GC Worker Total (ms): Min: 1.7, Avg: 2.2, Max: 2.5, Diff: 0.9, Sum: 40.0]
      [GC Worker End (ms): Min: 2351.6, Avg: 2351.8, Max: 2351.9, Diff: 0.3]
   [Code Root Fixup: 0.2 ms]
   [Code Root Purge: 0.0 ms]
   [Clear CT: 0.8 ms]
   [Other: 6.8 ms]
      [Choose CSet: 0.0 ms]
      [Ref Proc: 5.7 ms]
      [Ref Enq: 0.0 ms]
      [Redirty Cards: 0.7 ms]
      [Humongous Register: 0.0 ms]
      [Humongous Reclaim: 0.0 ms]
      [Free CSet: 0.1 ms]
   [Eden: 47.0M(47.0M)->0.0B(46.0M) Survivors: 4096.0K->5120.0K Heap: 183.7M(1024.0M)->137.9M(1024.0M)]
 [Times: user=0.10 sys=0.00, real=0.02 secs] 
2017-05-23T10:54:07.048+0200: 2.442: [GC pause (G1 Evacuation Pause) (young), 0.0152122 secs]
   [Parallel Time: 9.8 ms, GC Workers: 18]
      [GC Worker Start (ms): Min: 2442.6, Avg: 2448.7, Max: 2451.3, Diff: 8.7]
      [Ext Root Scanning (ms): Min: 0.0, Avg: 0.1, Max: 0.7, Diff: 0.7, Sum: 2.7]
      [Update RS (ms): Min: 0.0, Avg: 0.1, Max: 0.5, Diff: 0.5, Sum: 2.4]
         [Processed Buffers: Min: 0, Avg: 1.1, Max: 9, Diff: 9, Sum: 20]
      [Scan RS (ms): Min: 0.0, Avg: 0.0, Max: 0.0, Diff: 0.0, Sum: 0.1]
      [Code Root Scanning (ms): Min: 0.0, Avg: 0.1, Max: 0.5, Diff: 0.5, Sum: 1.0]
      [Object Copy (ms): Min: 0.0, Avg: 0.6, Max: 2.5, Diff: 2.5, Sum: 11.6]
      [Termination (ms): Min: 0.0, Avg: 1.6, Max: 5.2, Diff: 5.2, Sum: 29.2]
         [Termination Attempts: Min: 1, Avg: 3.8, Max: 17, Diff: 16, Sum: 69]
      [GC Worker Other (ms): Min: 0.0, Avg: 0.1, Max: 0.6, Diff: 0.6, Sum: 1.4]
      [GC Worker Total (ms): Min: 0.0, Avg: 2.7, Max: 8.8, Diff: 8.7, Sum: 48.3]
      [GC Worker End (ms): Min: 2451.3, Avg: 2451.4, Max: 2451.9, Diff: 0.6]
   [Code Root Fixup: 0.3 ms]
   [Code Root Purge: 0.0 ms]
   [Clear CT: 1.4 ms]
   [Other: 3.7 ms]
      [Choose CSet: 0.0 ms]
      [Ref Proc: 1.9 ms]
      [Ref Enq: 0.0 ms]
      [Redirty Cards: 1.4 ms]
      [Humongous Register: 0.1 ms]
      [Humongous Reclaim: 0.0 ms]
      [Free CSet: 0.1 ms]
   [Eden: 46.0M(46.0M)->0.0B(47.0M) Survivors: 5120.0K->4096.0K Heap: 183.9M(1024.0M)->136.5M(1024.0M)]
 [Times: user=0.11 sys=0.01, real=0.01 secs] 
2017-05-23T10:54:07.245+0200: 2.639: [GC pause (G1 Humongous Allocation) (young) (initial-mark), 0.0248832 secs]
   [Parallel Time: 10.8 ms, GC Workers: 18]
      [GC Worker Start (ms): Min: 2639.2, Avg: 2639.9, Max: 2640.3, Diff: 1.1]
      [Ext Root Scanning (ms): Min: 0.0, Avg: 3.4, Max: 9.1, Diff: 9.0, Sum: 60.4]
      [Update RS (ms): Min: 0.0, Avg: 0.1, Max: 0.4, Diff: 0.4, Sum: 0.9]
         [Processed Buffers: Min: 0, Avg: 0.7, Max: 6, Diff: 6, Sum: 13]
      [Scan RS (ms): Min: 0.0, Avg: 0.0, Max: 0.0, Diff: 0.0, Sum: 0.1]
      [Code Root Scanning (ms): Min: 0.0, Avg: 0.0, Max: 0.7, Diff: 0.7, Sum: 0.8]
      [Object Copy (ms): Min: 0.0, Avg: 0.5, Max: 1.5, Diff: 1.5, Sum: 8.1]
      [Termination (ms): Min: 0.0, Avg: 5.4, Max: 7.2, Diff: 7.2, Sum: 97.9]
         [Termination Attempts: Min: 1, Avg: 3.1, Max: 11, Diff: 10, Sum: 56]
      [GC Worker Other (ms): Min: 0.0, Avg: 0.0, Max: 0.0, Diff: 0.0, Sum: 0.2]
      [GC Worker Total (ms): Min: 9.0, Avg: 9.4, Max: 10.0, Diff: 1.1, Sum: 168.5]
      [GC Worker End (ms): Min: 2649.2, Avg: 2649.2, Max: 2649.3, Diff: 0.0]
   [Code Root Fixup: 0.3 ms]
   [Code Root Purge: 0.0 ms]
   [Clear CT: 1.2 ms]
   [Other: 12.5 ms]
      [Choose CSet: 0.0 ms]
      [Ref Proc: 10.7 ms]
      [Ref Enq: 0.0 ms]
      [Redirty Cards: 0.9 ms]
      [Humongous Register: 0.0 ms]
      [Humongous Reclaim: 0.4 ms]
      [Free CSet: 0.1 ms]
   [Eden: 31.0M(47.0M)->0.0B(47.0M) Survivors: 4096.0K->4096.0K Heap: 351.8M(1024.0M)->137.3M(1024.0M)]
 [Times: user=0.30 sys=0.00, real=0.03 secs] 
2017-05-23T10:54:07.270+0200: 2.664: [GC concurrent-root-region-scan-start]
2017-05-23T10:54:07.272+0200: 2.667: [GC concurrent-root-region-scan-end, 0.0026181 secs]
2017-05-23T10:54:07.272+0200: 2.667: [GC concurrent-mark-start]
2017-05-23T10:54:07.277+0200: 2.671: [GC concurrent-mark-end, 0.0044204 secs]
2017-05-23T10:54:07.278+0200: 2.672: [GC remark 2017-05-23T10:54:07.278+0200: 2.672: [Finalize Marking, 0.0162385 secs] 2017-05-23T10:54:07.294+0200: 2.688: [GC ref-proc, 0.0002441 secs] 2017-05-23T10:54:07.294+0200: 2.688: [Unloading, 0.0051405 secs], 0.0237969 secs]
 [Times: user=0.35 sys=0.00, real=0.02 secs] 
2017-05-23T10:54:07.302+0200: 2.696: [GC cleanup 167M->167M(1024M), 0.0044873 secs]
 [Times: user=0.03 sys=0.00, real=0.01 secs] 
2017-05-23T11:17:21.045+0200: 1396.439: [GC pause (G1 Evacuation Pause) (young), 0.0326358 secs]
   [Parallel Time: 6.9 ms, GC Workers: 18]
      [GC Worker Start (ms): Min: 1396451.6, Avg: 1396452.3, Max: 1396452.9, Diff: 1.3]
      [Ext Root Scanning (ms): Min: 0.2, Avg: 1.3, Max: 4.7, Diff: 4.5, Sum: 23.5]
      [Update RS (ms): Min: 0.0, Avg: 0.2, Max: 0.7, Diff: 0.7, Sum: 3.3]
         [Processed Buffers: Min: 0, Avg: 0.9, Max: 4, Diff: 4, Sum: 17]
      [Scan RS (ms): Min: 0.0, Avg: 0.0, Max: 0.0, Diff: 0.0, Sum: 0.2]
      [Code Root Scanning (ms): Min: 0.0, Avg: 0.5, Max: 4.0, Diff: 4.0, Sum: 9.7]
      [Object Copy (ms): Min: 0.0, Avg: 1.1, Max: 1.9, Diff: 1.8, Sum: 19.4]
      [Termination (ms): Min: 0.0, Avg: 1.9, Max: 2.3, Diff: 2.3, Sum: 34.5]
         [Termination Attempts: Min: 1, Avg: 5.5, Max: 16, Diff: 15, Sum: 99]
      [GC Worker Other (ms): Min: 0.0, Avg: 0.0, Max: 0.1, Diff: 0.1, Sum: 0.6]
      [GC Worker Total (ms): Min: 4.5, Avg: 5.1, Max: 5.8, Diff: 1.3, Sum: 91.2]
      [GC Worker End (ms): Min: 1396457.4, Avg: 1396457.4, Max: 1396457.4, Diff: 0.1]
   [Code Root Fixup: 0.4 ms]
   [Code Root Purge: 0.0 ms]
   [Clear CT: 0.7 ms]
   [Other: 24.6 ms]
      [Choose CSet: 0.0 ms]
      [Ref Proc: 11.2 ms]
      [Ref Enq: 0.0 ms]
      [Redirty Cards: 0.6 ms]
      [Humongous Register: 11.6 ms]
      [Humongous Reclaim: 0.4 ms]
      [Free CSet: 0.3 ms]
   [Eden: 47.0M(47.0M)->0.0B(46.0M) Survivors: 4096.0K->5120.0K Heap: 249.3M(1024.0M)->138.0M(1024.0M)]
 [Times: user=0.18 sys=0.00, real=0.04 secs] 
2017-05-23T11:42:10.003+0200: 2885.397: [GC pause (G1 Evacuation Pause) (young), 0.0118536 secs]
   [Parallel Time: 4.5 ms, GC Workers: 18]
      [GC Worker Start (ms): Min: 2885398.1, Avg: 2885398.8, Max: 2885399.6, Diff: 1.5]
      [Ext Root Scanning (ms): Min: 0.0, Avg: 0.4, Max: 1.7, Diff: 1.7, Sum: 7.8]
      [Update RS (ms): Min: 0.0, Avg: 0.2, Max: 1.1, Diff: 1.1, Sum: 4.4]
         [Processed Buffers: Min: 0, Avg: 0.8, Max: 4, Diff: 4, Sum: 14]
      [Scan RS (ms): Min: 0.0, Avg: 0.0, Max: 0.0, Diff: 0.0, Sum: 0.1]
      [Code Root Scanning (ms): Min: 0.0, Avg: 0.1, Max: 0.9, Diff: 0.9, Sum: 2.7]
      [Object Copy (ms): Min: 0.5, Avg: 1.5, Max: 2.5, Diff: 2.0, Sum: 26.7]
      [Termination (ms): Min: 0.0, Avg: 0.4, Max: 0.5, Diff: 0.5, Sum: 7.7]
         [Termination Attempts: Min: 1, Avg: 1.7, Max: 4, Diff: 3, Sum: 31]
      [GC Worker Other (ms): Min: 0.0, Avg: 0.0, Max: 0.2, Diff: 0.2, Sum: 0.5]
      [GC Worker Total (ms): Min: 1.9, Avg: 2.8, Max: 3.4, Diff: 1.5, Sum: 49.9]
      [GC Worker End (ms): Min: 2885401.5, Avg: 2885401.6, Max: 2885401.6, Diff: 0.0]
   [Code Root Fixup: 0.4 ms]
   [Code Root Purge: 0.0 ms]
   [Clear CT: 1.2 ms]
   [Other: 5.7 ms]
      [Choose CSet: 0.0 ms]
      [Ref Proc: 2.9 ms]
      [Ref Enq: 0.0 ms]
      [Redirty Cards: 1.5 ms]
      [Humongous Register: 0.8 ms]
      [Humongous Reclaim: 0.0 ms]
      [Free CSet: 0.2 ms]
   [Eden: 46.0M(46.0M)->0.0B(47.0M) Survivors: 5120.0K->4096.0K Heap: 184.0M(1024.0M)->137.0M(1024.0M)]
 [Times: user=0.06 sys=0.00, real=0.01 secs] 
2017-05-23T12:07:58.942+0200: 4434.336: [GC pause (G1 Evacuation Pause) (young), 0.0208871 secs]
   [Parallel Time: 5.7 ms, GC Workers: 18]
      [GC Worker Start (ms): Min: 4434336.9, Avg: 4434339.1, Max: 4434341.4, Diff: 4.4]
      [Ext Root Scanning (ms): Min: 0.0, Avg: 0.3, Max: 1.5, Diff: 1.4, Sum: 4.6]
      [Update RS (ms): Min: 0.0, Avg: 0.1, Max: 0.4, Diff: 0.4, Sum: 1.7]
         [Processed Buffers: Min: 0, Avg: 1.1, Max: 7, Diff: 7, Sum: 20]
      [Scan RS (ms): Min: 0.0, Avg: 0.0, Max: 0.0, Diff: 0.0, Sum: 0.1]
      [Code Root Scanning (ms): Min: 0.0, Avg: 0.1, Max: 1.1, Diff: 1.1, Sum: 2.2]
      [Object Copy (ms): Min: 0.0, Avg: 0.9, Max: 2.3, Diff: 2.3, Sum: 15.7]
      [Termination (ms): Min: 0.0, Avg: 0.9, Max: 1.1, Diff: 1.1, Sum: 16.7]
         [Termination Attempts: Min: 1, Avg: 2.0, Max: 5, Diff: 4, Sum: 36]
      [GC Worker Other (ms): Min: 0.0, Avg: 0.0, Max: 0.1, Diff: 0.0, Sum: 0.4]
      [GC Worker Total (ms): Min: 0.1, Avg: 2.3, Max: 4.5, Diff: 4.4, Sum: 41.5]
      [GC Worker End (ms): Min: 4434341.4, Avg: 4434341.5, Max: 4434341.5, Diff: 0.1]
   [Code Root Fixup: 0.5 ms]
   [Code Root Purge: 0.0 ms]
   [Clear CT: 2.1 ms]
   [Other: 12.6 ms]
      [Choose CSet: 0.0 ms]
      [Ref Proc: 9.2 ms]
      [Ref Enq: 0.0 ms]
      [Redirty Cards: 2.1 ms]
      [Humongous Register: 0.9 ms]
      [Humongous Reclaim: 0.0 ms]
      [Free CSet: 0.2 ms]
   [Eden: 47.0M(47.0M)->0.0B(47.0M) Survivors: 4096.0K->4096.0K Heap: 184.0M(1024.0M)->137.1M(1024.0M)]
 [Times: user=0.12 sys=0.00, real=0.02 secs] 
2017-05-23T12:34:04.891+0200: 6000.286: [GC pause (G1 Evacuation Pause) (young), 0.0133624 secs]
   [Parallel Time: 5.7 ms, GC Workers: 18]
      [GC Worker Start (ms): Min: 6000286.6, Avg: 6000289.5, Max: 6000292.2, Diff: 5.5]
      [Ext Root Scanning (ms): Min: 0.0, Avg: 0.2, Max: 1.5, Diff: 1.4, Sum: 4.3]
      [Update RS (ms): Min: 0.0, Avg: 0.1, Max: 0.5, Diff: 0.5, Sum: 1.8]
         [Processed Buffers: Min: 0, Avg: 0.7, Max: 4, Diff: 4, Sum: 13]
      [Scan RS (ms): Min: 0.0, Avg: 0.0, Max: 0.0, Diff: 0.0, Sum: 0.1]
      [Code Root Scanning (ms): Min: 0.0, Avg: 0.1, Max: 1.5, Diff: 1.5, Sum: 1.5]
      [Object Copy (ms): Min: 0.0, Avg: 0.9, Max: 3.5, Diff: 3.5, Sum: 16.1]
      [Termination (ms): Min: 0.0, Avg: 1.4, Max: 2.3, Diff: 2.3, Sum: 24.3]
         [Termination Attempts: Min: 1, Avg: 3.2, Max: 10, Diff: 9, Sum: 57]
      [GC Worker Other (ms): Min: 0.0, Avg: 0.0, Max: 0.0, Diff: 0.0, Sum: 0.3]
      [GC Worker Total (ms): Min: 0.0, Avg: 2.7, Max: 5.6, Diff: 5.6, Sum: 48.5]
      [GC Worker End (ms): Min: 6000292.2, Avg: 6000292.2, Max: 6000292.2, Diff: 0.0]
   [Code Root Fixup: 0.4 ms]
   [Code Root Purge: 0.0 ms]
   [Clear CT: 1.7 ms]
   [Other: 5.5 ms]
      [Choose CSet: 0.0 ms]
      [Ref Proc: 3.0 ms]
      [Ref Enq: 0.0 ms]
      [Redirty Cards: 1.3 ms]
      [Humongous Register: 0.0 ms]
      [Humongous Reclaim: 0.0 ms]
      [Free CSet: 0.2 ms]
   [Eden: 47.0M(47.0M)->0.0B(47.0M) Survivors: 4096.0K->4096.0K Heap: 184.1M(1024.0M)->136.8M(1024.0M)]
 [Times: user=0.07 sys=0.00, real=0.01 secs] 
2017-05-23T12:59:35.911+0200: 7531.306: [GC pause (G1 Evacuation Pause) (young), 0.0177646 secs]
   [Parallel Time: 4.6 ms, GC Workers: 18]
      [GC Worker Start (ms): Min: 7531305.9, Avg: 7531307.1, Max: 7531308.3, Diff: 2.4]
      [Ext Root Scanning (ms): Min: 0.0, Avg: 0.3, Max: 1.9, Diff: 1.9, Sum: 5.7]
      [Update RS (ms): Min: 0.0, Avg: 0.1, Max: 0.5, Diff: 0.5, Sum: 1.7]
         [Processed Buffers: Min: 0, Avg: 0.6, Max: 3, Diff: 3, Sum: 10]
      [Scan RS (ms): Min: 0.0, Avg: 0.0, Max: 0.0, Diff: 0.0, Sum: 0.1]
      [Code Root Scanning (ms): Min: 0.0, Avg: 0.1, Max: 2.6, Diff: 2.6, Sum: 2.6]
      [Object Copy (ms): Min: 0.1, Avg: 1.4, Max: 2.3, Diff: 2.2, Sum: 25.1]
      [Termination (ms): Min: 0.0, Avg: 0.4, Max: 0.5, Diff: 0.5, Sum: 7.2]
         [Termination Attempts: Min: 1, Avg: 2.4, Max: 5, Diff: 4, Sum: 44]
      [GC Worker Other (ms): Min: 0.0, Avg: 0.0, Max: 0.0, Diff: 0.0, Sum: 0.4]
      [GC Worker Total (ms): Min: 1.2, Avg: 2.4, Max: 3.6, Diff: 2.5, Sum: 42.7]
      [GC Worker End (ms): Min: 7531309.4, Avg: 7531309.5, Max: 7531309.5, Diff: 0.1]
   [Code Root Fixup: 0.4 ms]
   [Code Root Purge: 0.0 ms]
   [Clear CT: 2.6 ms]
   [Other: 10.2 ms]
      [Choose CSet: 0.0 ms]
      [Ref Proc: 7.7 ms]
      [Ref Enq: 0.0 ms]
      [Redirty Cards: 2.0 ms]
      [Humongous Register: 0.0 ms]
      [Humongous Reclaim: 0.0 ms]
      [Free CSet: 0.1 ms]
   [Eden: 47.0M(47.0M)->0.0B(46.0M) Survivors: 4096.0K->5120.0K Heap: 183.8M(1024.0M)->137.5M(1024.0M)]
 [Times: user=0.13 sys=0.00, real=0.02 secs] 
2017-05-23T13:16:35.911+0200: 8551.306: [GC pause (G1 Evacuation Pause) (young), 0.0307897 secs]
   [Parallel Time: 4.7 ms, GC Workers: 18]
      [GC Worker Start (ms): Min: 8551305.8, Avg: 8551308.3, Max: 8551310.4, Diff: 4.5]
      [Ext Root Scanning (ms): Min: 0.0, Avg: 0.2, Max: 0.9, Diff: 0.9, Sum: 3.9]
      [Update RS (ms): Min: 0.0, Avg: 0.1, Max: 0.3, Diff: 0.3, Sum: 1.6]
         [Processed Buffers: Min: 0, Avg: 1.3, Max: 10, Diff: 10, Sum: 23]
      [Scan RS (ms): Min: 0.0, Avg: 0.0, Max: 0.0, Diff: 0.0, Sum: 0.1]
      [Code Root Scanning (ms): Min: 0.0, Avg: 0.2, Max: 1.7, Diff: 1.7, Sum: 2.7]
      [Object Copy (ms): Min: 0.0, Avg: 0.8, Max: 2.3, Diff: 2.3, Sum: 14.5]
      [Termination (ms): Min: 0.0, Avg: 0.8, Max: 1.3, Diff: 1.3, Sum: 14.9]
         [Termination Attempts: Min: 1, Avg: 1.8, Max: 5, Diff: 4, Sum: 33]
      [GC Worker Other (ms): Min: 0.0, Avg: 0.0, Max: 0.0, Diff: 0.0, Sum: 0.3]
      [GC Worker Total (ms): Min: 0.0, Avg: 2.1, Max: 4.6, Diff: 4.6, Sum: 38.1]
      [GC Worker End (ms): Min: 8551310.4, Avg: 8551310.4, Max: 8551310.4, Diff: 0.0]
   [Code Root Fixup: 0.5 ms]
   [Code Root Purge: 0.0 ms]
   [Clear CT: 1.9 ms]
   [Other: 23.6 ms]
      [Choose CSet: 0.0 ms]
      [Ref Proc: 21.6 ms]
      [Ref Enq: 0.0 ms]
      [Redirty Cards: 1.5 ms]
      [Humongous Register: 0.0 ms]
      [Humongous Reclaim: 0.0 ms]
      [Free CSet: 0.2 ms]
   [Eden: 46.0M(46.0M)->0.0B(47.0M) Survivors: 5120.0K->4096.0K Heap: 183.5M(1024.0M)->136.7M(1024.0M)]
 [Times: user=0.21 sys=0.00, real=0.03 secs] 
2017-05-23T13:31:34.188+0200: 9449.582: [GC pause (G1 Evacuation Pause) (young), 0.0214421 secs]
   [Parallel Time: 7.1 ms, GC Workers: 18]
      [GC Worker Start (ms): Min: 9449582.5, Avg: 9449584.9, Max: 9449587.2, Diff: 4.8]
      [Ext Root Scanning (ms): Min: 0.0, Avg: 0.3, Max: 1.7, Diff: 1.7, Sum: 6.1]
      [Update RS (ms): Min: 0.0, Avg: 0.1, Max: 0.6, Diff: 0.6, Sum: 1.7]
         [Processed Buffers: Min: 0, Avg: 0.6, Max: 4, Diff: 4, Sum: 11]
      [Scan RS (ms): Min: 0.0, Avg: 0.0, Max: 0.0, Diff: 0.0, Sum: 0.1]
      [Code Root Scanning (ms): Min: 0.0, Avg: 0.2, Max: 2.8, Diff: 2.8, Sum: 2.8]
      [Object Copy (ms): Min: 0.0, Avg: 1.3, Max: 4.1, Diff: 4.1, Sum: 23.5]
      [Termination (ms): Min: 0.0, Avg: 1.1, Max: 1.9, Diff: 1.9, Sum: 19.6]
         [Termination Attempts: Min: 1, Avg: 4.3, Max: 9, Diff: 8, Sum: 77]
      [GC Worker Other (ms): Min: 0.0, Avg: 0.0, Max: 0.1, Diff: 0.0, Sum: 0.4]
      [GC Worker Total (ms): Min: 0.7, Avg: 3.0, Max: 5.5, Diff: 4.8, Sum: 54.2]
      [GC Worker End (ms): Min: 9449587.9, Avg: 9449587.9, Max: 9449587.9, Diff: 0.0]
   [Code Root Fixup: 0.5 ms]
   [Code Root Purge: 0.0 ms]
   [Clear CT: 1.3 ms]
   [Other: 12.5 ms]
      [Choose CSet: 0.0 ms]
      [Ref Proc: 10.8 ms]
      [Ref Enq: 0.0 ms]
      [Redirty Cards: 1.2 ms]
      [Humongous Register: 0.0 ms]
      [Humongous Reclaim: 0.0 ms]
      [Free CSet: 0.2 ms]
   [Eden: 47.0M(47.0M)->0.0B(46.0M) Survivors: 4096.0K->5120.0K Heap: 183.7M(1024.0M)->137.6M(1024.0M)]
 [Times: user=0.18 sys=0.00, real=0.02 secs] 
2017-05-23T13:46:27.126+0200: 10342.521: [GC pause (G1 Evacuation Pause) (young), 0.0157166 secs]
   [Parallel Time: 8.6 ms, GC Workers: 18]
      [GC Worker Start (ms): Min: 10342520.9, Avg: 10342522.9, Max: 10342528.6, Diff: 7.7]
      [Ext Root Scanning (ms): Min: 0.0, Avg: 0.2, Max: 0.9, Diff: 0.9, Sum: 3.8]
      [Update RS (ms): Min: 0.0, Avg: 0.1, Max: 0.4, Diff: 0.4, Sum: 1.4]
         [Processed Buffers: Min: 0, Avg: 0.6, Max: 2, Diff: 2, Sum: 10]
      [Scan RS (ms): Min: 0.0, Avg: 0.0, Max: 0.0, Diff: 0.0, Sum: 0.1]
      [Code Root Scanning (ms): Min: 0.0, Avg: 0.1, Max: 1.2, Diff: 1.2, Sum: 1.7]
      [Object Copy (ms): Min: 0.0, Avg: 0.8, Max: 1.8, Diff: 1.8, Sum: 13.7]
      [Termination (ms): Min: 0.0, Avg: 4.5, Max: 5.3, Diff: 5.3, Sum: 81.7]
         [Termination Attempts: Min: 1, Avg: 1.4, Max: 3, Diff: 2, Sum: 25]
      [GC Worker Other (ms): Min: 0.0, Avg: 0.0, Max: 0.0, Diff: 0.0, Sum: 0.3]
      [GC Worker Total (ms): Min: 0.0, Avg: 5.7, Max: 7.8, Diff: 7.8, Sum: 102.8]
      [GC Worker End (ms): Min: 10342528.6, Avg: 10342528.6, Max: 10342528.7, Diff: 0.0]
   [Code Root Fixup: 0.3 ms]
   [Code Root Purge: 0.0 ms]
   [Clear CT: 1.7 ms]
   [Other: 5.1 ms]
      [Choose CSet: 0.0 ms]
      [Ref Proc: 3.2 ms]
      [Ref Enq: 0.0 ms]
      [Redirty Cards: 1.5 ms]
      [Humongous Register: 0.0 ms]
      [Humongous Reclaim: 0.0 ms]
      [Free CSet: 0.1 ms]
   [Eden: 46.0M(46.0M)->0.0B(47.0M) Survivors: 5120.0K->4096.0K Heap: 183.6M(1024.0M)->136.4M(1024.0M)]
 [Times: user=0.14 sys=0.00, real=0.01 secs] 
2017-05-23T14:01:41.040+0200: 11256.434: [GC pause (G1 Evacuation Pause) (young), 0.0141738 secs]
   [Parallel Time: 5.0 ms, GC Workers: 18]
      [GC Worker Start (ms): Min: 11256434.4, Avg: 11256435.6, Max: 11256438.2, Diff: 3.8]
      [Ext Root Scanning (ms): Min: 0.0, Avg: 0.4, Max: 1.3, Diff: 1.3, Sum: 7.5]
      [Update RS (ms): Min: 0.0, Avg: 0.1, Max: 0.9, Diff: 0.9, Sum: 2.6]
         [Processed Buffers: Min: 0, Avg: 0.7, Max: 3, Diff: 3, Sum: 12]
      [Scan RS (ms): Min: 0.0, Avg: 0.0, Max: 0.0, Diff: 0.0, Sum: 0.1]
      [Code Root Scanning (ms): Min: 0.0, Avg: 0.1, Max: 2.5, Diff: 2.5, Sum: 2.5]
      [Object Copy (ms): Min: 0.0, Avg: 1.5, Max: 2.5, Diff: 2.5, Sum: 26.1]
      [Termination (ms): Min: 0.0, Avg: 0.5, Max: 0.6, Diff: 0.6, Sum: 8.5]
         [Termination Attempts: Min: 1, Avg: 1.7, Max: 4, Diff: 3, Sum: 30]
      [GC Worker Other (ms): Min: 0.0, Avg: 0.0, Max: 0.0, Diff: 0.0, Sum: 0.4]
      [GC Worker Total (ms): Min: 0.1, Avg: 2.7, Max: 3.9, Diff: 3.7, Sum: 47.8]
      [GC Worker End (ms): Min: 11256438.2, Avg: 11256438.3, Max: 11256438.3, Diff: 0.1]
   [Code Root Fixup: 0.5 ms]
   [Code Root Purge: 0.0 ms]
   [Clear CT: 2.1 ms]
   [Other: 6.6 ms]
      [Choose CSet: 0.0 ms]
      [Ref Proc: 3.9 ms]
      [Ref Enq: 0.0 ms]
      [Redirty Cards: 1.9 ms]
      [Humongous Register: 0.0 ms]
      [Humongous Reclaim: 0.0 ms]
      [Free CSet: 0.4 ms]
   [Eden: 47.0M(47.0M)->0.0B(136.0M) Survivors: 4096.0K->3072.0K Heap: 183.4M(1024.0M)->137.0M(1024.0M)]
 [Times: user=0.04 sys=0.03, real=0.01 secs] 
2017-05-23T14:46:00.850+0200: 13916.244: [GC pause (G1 Evacuation Pause) (young), 0.0198230 secs]
   [Parallel Time: 5.4 ms, GC Workers: 18]
      [GC Worker Start (ms): Min: 13916244.6, Avg: 13916246.6, Max: 13916248.9, Diff: 4.4]
      [Ext Root Scanning (ms): Min: 0.0, Avg: 0.2, Max: 1.1, Diff: 1.1, Sum: 4.2]
      [Update RS (ms): Min: 0.0, Avg: 0.4, Max: 1.1, Diff: 1.1, Sum: 7.2]
         [Processed Buffers: Min: 0, Avg: 1.1, Max: 3, Diff: 3, Sum: 19]
      [Scan RS (ms): Min: 0.0, Avg: 0.0, Max: 0.1, Diff: 0.0, Sum: 0.3]
      [Code Root Scanning (ms): Min: 0.0, Avg: 0.1, Max: 2.1, Diff: 2.1, Sum: 2.1]
      [Object Copy (ms): Min: 0.0, Avg: 1.2, Max: 2.6, Diff: 2.6, Sum: 21.0]
      [Termination (ms): Min: 0.0, Avg: 0.4, Max: 0.5, Diff: 0.5, Sum: 7.1]
         [Termination Attempts: Min: 1, Avg: 1.9, Max: 5, Diff: 4, Sum: 35]
      [GC Worker Other (ms): Min: 0.0, Avg: 0.1, Max: 0.2, Diff: 0.2, Sum: 1.0]
      [GC Worker Total (ms): Min: 0.0, Avg: 2.4, Max: 4.5, Diff: 4.4, Sum: 42.9]
      [GC Worker End (ms): Min: 13916249.0, Avg: 13916249.0, Max: 13916249.2, Diff: 0.2]
   [Code Root Fixup: 0.3 ms]
   [Code Root Purge: 0.0 ms]
   [Clear CT: 2.3 ms]
   [Other: 11.8 ms]
      [Choose CSet: 0.0 ms]
      [Ref Proc: 9.1 ms]
      [Ref Enq: 0.0 ms]
      [Redirty Cards: 1.8 ms]
      [Humongous Register: 0.0 ms]
      [Humongous Reclaim: 0.0 ms]
      [Free CSet: 0.6 ms]
   [Eden: 136.0M(136.0M)->0.0B(155.0M) Survivors: 3072.0K->2048.0K Heap: 273.0M(1024.0M)->137.2M(1024.0M)]
 [Times: user=0.07 sys=0.05, real=0.02 secs] 
2017-05-23T15:37:20.965+0200: 16996.359: [GC pause (G1 Evacuation Pause) (young), 0.0219762 secs]
   [Parallel Time: 6.2 ms, GC Workers: 18]
      [GC Worker Start (ms): Min: 16996359.6, Avg: 16996362.1, Max: 16996364.7, Diff: 5.1]
      [Ext Root Scanning (ms): Min: 0.0, Avg: 0.2, Max: 0.7, Diff: 0.7, Sum: 3.4]
      [Update RS (ms): Min: 0.0, Avg: 0.2, Max: 0.8, Diff: 0.8, Sum: 3.3]
         [Processed Buffers: Min: 0, Avg: 1.4, Max: 15, Diff: 15, Sum: 25]
      [Scan RS (ms): Min: 0.0, Avg: 0.0, Max: 0.1, Diff: 0.1, Sum: 0.3]
      [Code Root Scanning (ms): Min: 0.0, Avg: 0.0, Max: 0.8, Diff: 0.8, Sum: 0.8]
      [Object Copy (ms): Min: 0.0, Avg: 0.7, Max: 2.0, Diff: 2.0, Sum: 12.0]
      [Termination (ms): Min: 0.0, Avg: 1.5, Max: 2.3, Diff: 2.3, Sum: 27.4]
         [Termination Attempts: Min: 1, Avg: 1.0, Max: 1, Diff: 0, Sum: 18]
      [GC Worker Other (ms): Min: 0.0, Avg: 0.0, Max: 0.1, Diff: 0.0, Sum: 0.4]
      [GC Worker Total (ms): Min: 0.0, Avg: 2.6, Max: 5.2, Diff: 5.2, Sum: 47.6]
      [GC Worker End (ms): Min: 16996364.7, Avg: 16996364.8, Max: 16996364.8, Diff: 0.1]
   [Code Root Fixup: 0.3 ms]
   [Code Root Purge: 0.0 ms]
   [Clear CT: 1.7 ms]
   [Other: 13.8 ms]
      [Choose CSet: 0.0 ms]
      [Ref Proc: 11.3 ms]
      [Ref Enq: 0.0 ms]
      [Redirty Cards: 1.6 ms]
      [Humongous Register: 0.2 ms]
      [Humongous Reclaim: 0.0 ms]
      [Free CSet: 0.4 ms]
   [Eden: 155.0M(155.0M)->0.0B(83.0M) Survivors: 2048.0K->2048.0K Heap: 292.2M(1024.0M)->136.7M(1024.0M)]
 [Times: user=0.15 sys=0.00, real=0.03 secs] 
2017-05-23T16:04:39.716+0200: 18635.111: [GC pause (G1 Evacuation Pause) (young), 0.0117547 secs]
   [Parallel Time: 5.0 ms, GC Workers: 18]
      [GC Worker Start (ms): Min: 18635111.0, Avg: 18635112.6, Max: 18635114.9, Diff: 3.9]
      [Ext Root Scanning (ms): Min: 0.0, Avg: 0.3, Max: 0.9, Diff: 0.9, Sum: 4.6]
      [Update RS (ms): Min: 0.0, Avg: 0.2, Max: 0.6, Diff: 0.6, Sum: 3.1]
         [Processed Buffers: Min: 0, Avg: 1.1, Max: 5, Diff: 5, Sum: 19]
      [Scan RS (ms): Min: 0.0, Avg: 0.0, Max: 0.0, Diff: 0.0, Sum: 0.2]
      [Code Root Scanning (ms): Min: 0.0, Avg: 0.1, Max: 1.2, Diff: 1.2, Sum: 1.2]
      [Object Copy (ms): Min: 0.0, Avg: 0.6, Max: 1.5, Diff: 1.5, Sum: 10.9]
      [Termination (ms): Min: 0.0, Avg: 1.2, Max: 1.6, Diff: 1.6, Sum: 20.8]
         [Termination Attempts: Min: 1, Avg: 3.7, Max: 12, Diff: 11, Sum: 67]
      [GC Worker Other (ms): Min: 0.0, Avg: 0.0, Max: 0.0, Diff: 0.0, Sum: 0.4]
      [GC Worker Total (ms): Min: 0.0, Avg: 2.3, Max: 3.9, Diff: 3.9, Sum: 41.2]
      [GC Worker End (ms): Min: 18635114.9, Avg: 18635114.9, Max: 18635114.9, Diff: 0.0]
   [Code Root Fixup: 0.2 ms]
   [Code Root Purge: 0.0 ms]
   [Clear CT: 2.0 ms]
   [Other: 4.5 ms]
      [Choose CSet: 0.0 ms]
      [Ref Proc: 2.2 ms]
      [Ref Enq: 0.0 ms]
      [Redirty Cards: 1.7 ms]
      [Humongous Register: 0.1 ms]
      [Humongous Reclaim: 0.0 ms]
      [Free CSet: 0.2 ms]
   [Eden: 83.0M(83.0M)->0.0B(491.0M) Survivors: 2048.0K->2048.0K Heap: 219.7M(1024.0M)->136.8M(1024.0M)]
 [Times: user=0.05 sys=0.01, real=0.02 secs] 
2017-05-23T18:49:42.433+0200: 28537.827: [GC pause (G1 Evacuation Pause) (young), 0.0177572 secs]
   [Parallel Time: 4.6 ms, GC Workers: 18]
      [GC Worker Start (ms): Min: 28537827.3, Avg: 28537829.1, Max: 28537830.9, Diff: 3.6]
      [Ext Root Scanning (ms): Min: 0.0, Avg: 0.2, Max: 0.7, Diff: 0.7, Sum: 3.7]
      [Update RS (ms): Min: 0.0, Avg: 0.2, Max: 0.6, Diff: 0.6, Sum: 3.1]
         [Processed Buffers: Min: 0, Avg: 1.3, Max: 16, Diff: 16, Sum: 24]
      [Scan RS (ms): Min: 0.0, Avg: 0.1, Max: 0.2, Diff: 0.2, Sum: 0.9]
      [Code Root Scanning (ms): Min: 0.0, Avg: 0.0, Max: 0.5, Diff: 0.5, Sum: 0.6]
      [Object Copy (ms): Min: 0.0, Avg: 0.4, Max: 1.2, Diff: 1.2, Sum: 7.8]
      [Termination (ms): Min: 0.0, Avg: 1.0, Max: 1.5, Diff: 1.5, Sum: 18.0]
         [Termination Attempts: Min: 1, Avg: 3.3, Max: 11, Diff: 10, Sum: 59]
      [GC Worker Other (ms): Min: 0.0, Avg: 0.0, Max: 0.1, Diff: 0.1, Sum: 0.7]
      [GC Worker Total (ms): Min: 0.1, Avg: 1.9, Max: 3.7, Diff: 3.6, Sum: 34.7]
      [GC Worker End (ms): Min: 28537831.0, Avg: 28537831.0, Max: 28537831.1, Diff: 0.1]
   [Code Root Fixup: 0.2 ms]
   [Code Root Purge: 0.0 ms]
   [Clear CT: 1.3 ms]
   [Other: 11.7 ms]
      [Choose CSet: 0.0 ms]
      [Ref Proc: 8.5 ms]
      [Ref Enq: 0.1 ms]
      [Redirty Cards: 1.5 ms]
      [Humongous Register: 0.1 ms]
      [Humongous Reclaim: 0.0 ms]
      [Free CSet: 1.3 ms]
   [Eden: 491.0M(491.0M)->0.0B(613.0M) Survivors: 2048.0K->1024.0K Heap: 627.8M(1024.0M)->137.1M(1024.0M)]
 [Times: user=0.08 sys=0.03, real=0.02 secs] 
2017-05-23T23:08:35.911+0200: 44071.305: [GC pause (G1 Evacuation Pause) (young), 0.0269043 secs]
   [Parallel Time: 7.2 ms, GC Workers: 18]
      [GC Worker Start (ms): Min: 44071305.8, Avg: 44071307.8, Max: 44071310.9, Diff: 5.1]
      [Ext Root Scanning (ms): Min: 0.0, Avg: 0.3, Max: 1.3, Diff: 1.2, Sum: 5.3]
      [Update RS (ms): Min: 0.0, Avg: 0.7, Max: 4.1, Diff: 4.1, Sum: 12.6]
         [Processed Buffers: Min: 0, Avg: 1.7, Max: 22, Diff: 22, Sum: 31]
      [Scan RS (ms): Min: 0.0, Avg: 0.1, Max: 0.3, Diff: 0.3, Sum: 1.3]
      [Code Root Scanning (ms): Min: 0.0, Avg: 0.0, Max: 0.4, Diff: 0.4, Sum: 0.5]
      [Object Copy (ms): Min: 0.0, Avg: 1.1, Max: 2.3, Diff: 2.3, Sum: 19.4]
      [Termination (ms): Min: 0.0, Avg: 1.0, Max: 1.6, Diff: 1.6, Sum: 17.9]
         [Termination Attempts: Min: 1, Avg: 89.1, Max: 221, Diff: 220, Sum: 1604]
      [GC Worker Other (ms): Min: 0.0, Avg: 0.1, Max: 0.4, Diff: 0.4, Sum: 1.9]
      [GC Worker Total (ms): Min: 0.1, Avg: 3.3, Max: 5.4, Diff: 5.3, Sum: 58.9]
      [GC Worker End (ms): Min: 44071311.0, Avg: 44071311.1, Max: 44071311.3, Diff: 0.4]
   [Code Root Fixup: 0.2 ms]
   [Code Root Purge: 0.0 ms]
   [Clear CT: 2.5 ms]
   [Other: 17.1 ms]
      [Choose CSet: 0.0 ms]
      [Ref Proc: 14.1 ms]
      [Ref Enq: 0.1 ms]
      [Redirty Cards: 1.7 ms]
      [Humongous Register: 0.1 ms]
      [Humongous Reclaim: 0.0 ms]
      [Free CSet: 0.9 ms]
   [Eden: 613.0M(613.0M)->0.0B(49.0M) Survivors: 1024.0K->2048.0K Heap: 750.1M(1024.0M)->137.6M(1024.0M)]
 [Times: user=0.14 sys=0.00, real=0.03 secs] 
2017-05-23T23:24:47.126+0200: 45042.521: [GC pause (G1 Evacuation Pause) (young), 0.0123642 secs]
   [Parallel Time: 3.4 ms, GC Workers: 18]
      [GC Worker Start (ms): Min: 45042520.8, Avg: 45042522.0, Max: 45042523.0, Diff: 2.2]
      [Ext Root Scanning (ms): Min: 0.0, Avg: 0.2, Max: 0.6, Diff: 0.6, Sum: 3.0]
      [Update RS (ms): Min: 0.0, Avg: 0.1, Max: 0.4, Diff: 0.4, Sum: 1.6]
         [Processed Buffers: Min: 0, Avg: 1.6, Max: 16, Diff: 16, Sum: 29]
      [Scan RS (ms): Min: 0.0, Avg: 0.0, Max: 0.0, Diff: 0.0, Sum: 0.1]
      [Code Root Scanning (ms): Min: 0.0, Avg: 0.0, Max: 0.4, Diff: 0.4, Sum: 0.4]
      [Object Copy (ms): Min: 0.0, Avg: 0.1, Max: 0.3, Diff: 0.2, Sum: 1.3]
      [Termination (ms): Min: 0.0, Avg: 0.7, Max: 1.2, Diff: 1.2, Sum: 13.2]
         [Termination Attempts: Min: 1, Avg: 1.0, Max: 1, Diff: 0, Sum: 18]
      [GC Worker Other (ms): Min: 0.0, Avg: 0.0, Max: 0.0, Diff: 0.0, Sum: 0.2]
      [GC Worker Total (ms): Min: 0.0, Avg: 1.1, Max: 2.2, Diff: 2.2, Sum: 20.0]
      [GC Worker End (ms): Min: 45042523.0, Avg: 45042523.1, Max: 45042523.1, Diff: 0.0]
   [Code Root Fixup: 0.1 ms]
   [Code Root Purge: 0.0 ms]
   [Clear CT: 3.0 ms]
   [Other: 5.8 ms]
      [Choose CSet: 0.0 ms]
      [Ref Proc: 3.9 ms]
      [Ref Enq: 0.0 ms]
      [Redirty Cards: 1.6 ms]
      [Humongous Register: 0.0 ms]
      [Humongous Reclaim: 0.0 ms]
      [Free CSet: 0.1 ms]
   [Eden: 49.0M(49.0M)->0.0B(501.0M) Survivors: 2048.0K->1024.0K Heap: 186.6M(1024.0M)->137.0M(1024.0M)]
 [Times: user=0.03 sys=0.02, real=0.01 secs] 
2017-05-24T02:10:27.126+0200: 54982.521: [GC pause (G1 Evacuation Pause) (young), 0.0208678 secs]
   [Parallel Time: 5.4 ms, GC Workers: 18]
      [GC Worker Start (ms): Min: 54982521.0, Avg: 54982523.1, Max: 54982525.0, Diff: 4.0]
      [Ext Root Scanning (ms): Min: 0.0, Avg: 0.3, Max: 0.9, Diff: 0.9, Sum: 4.7]
      [Update RS (ms): Min: 0.0, Avg: 0.1, Max: 0.5, Diff: 0.5, Sum: 2.3]
         [Processed Buffers: Min: 0, Avg: 1.9, Max: 18, Diff: 18, Sum: 34]
      [Scan RS (ms): Min: 0.0, Avg: 0.1, Max: 0.1, Diff: 0.1, Sum: 1.1]
      [Code Root Scanning (ms): Min: 0.0, Avg: 0.0, Max: 0.3, Diff: 0.3, Sum: 0.4]
      [Object Copy (ms): Min: 0.0, Avg: 0.6, Max: 1.6, Diff: 1.6, Sum: 11.0]
      [Termination (ms): Min: 0.0, Avg: 0.8, Max: 1.2, Diff: 1.2, Sum: 15.1]
         [Termination Attempts: Min: 1, Avg: 28.4, Max: 88, Diff: 87, Sum: 512]
      [GC Worker Other (ms): Min: 0.0, Avg: 0.1, Max: 0.3, Diff: 0.2, Sum: 1.2]
      [GC Worker Total (ms): Min: 0.1, Avg: 2.0, Max: 4.2, Diff: 4.2, Sum: 35.8]
      [GC Worker End (ms): Min: 54982525.0, Avg: 54982525.1, Max: 54982525.3, Diff: 0.2]
   [Code Root Fixup: 0.2 ms]
   [Code Root Purge: 0.0 ms]
   [Clear CT: 1.9 ms]
   [Other: 13.3 ms]
      [Choose CSet: 0.0 ms]
      [Ref Proc: 9.5 ms]
      [Ref Enq: 0.1 ms]
      [Redirty Cards: 2.4 ms]
      [Humongous Register: 0.1 ms]
      [Humongous Reclaim: 0.0 ms]
      [Free CSet: 1.0 ms]
   [Eden: 501.0M(501.0M)->0.0B(371.0M) Survivors: 1024.0K->1024.0K Heap: 638.0M(1024.0M)->137.4M(1024.0M)]
 [Times: user=0.12 sys=0.00, real=0.02 secs] 
2017-05-24T04:13:03.124+0200: 62338.519: [GC pause (G1 Evacuation Pause) (young), 0.0150047 secs]
   [Parallel Time: 5.7 ms, GC Workers: 18]
      [GC Worker Start (ms): Min: 62338518.9, Avg: 62338519.8, Max: 62338520.7, Diff: 1.8]
      [Ext Root Scanning (ms): Min: 0.0, Avg: 0.2, Max: 1.0, Diff: 1.0, Sum: 4.2]
      [Update RS (ms): Min: 0.0, Avg: 0.9, Max: 4.1, Diff: 4.1, Sum: 15.4]
         [Processed Buffers: Min: 0, Avg: 1.6, Max: 16, Diff: 16, Sum: 29]
      [Scan RS (ms): Min: 0.0, Avg: 0.1, Max: 0.1, Diff: 0.1, Sum: 0.9]
      [Code Root Scanning (ms): Min: 0.0, Avg: 0.0, Max: 0.2, Diff: 0.2, Sum: 0.2]
      [Object Copy (ms): Min: 0.0, Avg: 2.3, Max: 2.9, Diff: 2.8, Sum: 40.5]
      [Termination (ms): Min: 0.0, Avg: 0.6, Max: 1.0, Diff: 1.0, Sum: 11.6]
         [Termination Attempts: Min: 1, Avg: 107.2, Max: 138, Diff: 137, Sum: 1930]
      [GC Worker Other (ms): Min: 0.0, Avg: 0.2, Max: 0.6, Diff: 0.6, Sum: 3.3]
      [GC Worker Total (ms): Min: 3.3, Avg: 4.2, Max: 5.2, Diff: 1.8, Sum: 76.2]
      [GC Worker End (ms): Min: 62338523.9, Avg: 62338524.1, Max: 62338524.5, Diff: 0.6]
   [Code Root Fixup: 0.1 ms]
   [Code Root Purge: 0.0 ms]
   [Clear CT: 1.1 ms]
   [Other: 8.2 ms]
      [Choose CSet: 0.0 ms]
      [Ref Proc: 5.6 ms]
      [Ref Enq: 0.0 ms]
      [Redirty Cards: 1.5 ms]
      [Humongous Register: 0.1 ms]
      [Humongous Reclaim: 0.0 ms]
      [Free CSet: 0.7 ms]
   [Eden: 371.0M(371.0M)->0.0B(613.0M) Survivors: 1024.0K->1024.0K Heap: 508.4M(1024.0M)->137.4M(1024.0M)]
 [Times: user=0.11 sys=0.00, real=0.02 secs] 
2017-05-24T07:35:56.240+0200: 74511.634: [GC pause (G1 Evacuation Pause) (young), 0.0233714 secs]
   [Parallel Time: 4.7 ms, GC Workers: 18]
      [GC Worker Start (ms): Min: 74511634.5, Avg: 74511636.5, Max: 74511638.2, Diff: 3.7]
      [Ext Root Scanning (ms): Min: 0.0, Avg: 0.2, Max: 0.8, Diff: 0.8, Sum: 3.8]
      [Update RS (ms): Min: 0.0, Avg: 0.1, Max: 0.3, Diff: 0.3, Sum: 1.3]
         [Processed Buffers: Min: 0, Avg: 2.4, Max: 11, Diff: 11, Sum: 44]
      [Scan RS (ms): Min: 0.0, Avg: 0.1, Max: 0.2, Diff: 0.2, Sum: 1.7]
      [Code Root Scanning (ms): Min: 0.0, Avg: 0.0, Max: 0.2, Diff: 0.2, Sum: 0.2]
      [Object Copy (ms): Min: 0.0, Avg: 0.5, Max: 1.4, Diff: 1.4, Sum: 9.3]
      [Termination (ms): Min: 0.0, Avg: 0.8, Max: 1.4, Diff: 1.4, Sum: 15.0]
         [Termination Attempts: Min: 1, Avg: 22.3, Max: 74, Diff: 73, Sum: 401]
      [GC Worker Other (ms): Min: 0.0, Avg: 0.1, Max: 0.4, Diff: 0.4, Sum: 2.0]
      [GC Worker Total (ms): Min: 0.1, Avg: 1.8, Max: 3.9, Diff: 3.8, Sum: 33.2]
      [GC Worker End (ms): Min: 74511638.3, Avg: 74511638.4, Max: 74511638.7, Diff: 0.4]
   [Code Root Fixup: 0.1 ms]
   [Code Root Purge: 0.0 ms]
   [Clear CT: 2.4 ms]
   [Other: 16.2 ms]
      [Choose CSet: 0.0 ms]
      [Ref Proc: 11.4 ms]
      [Ref Enq: 0.1 ms]
      [Redirty Cards: 3.2 ms]
      [Humongous Register: 0.1 ms]
      [Humongous Reclaim: 0.0 ms]
      [Free CSet: 1.2 ms]
   [Eden: 613.0M(613.0M)->0.0B(146.0M) Survivors: 1024.0K->1024.0K Heap: 750.4M(1024.0M)->137.3M(1024.0M)]
 [Times: user=0.13 sys=0.00, real=0.02 secs] 
2017-05-24T08:24:11.619+0200: 77407.013: [GC pause (G1 Evacuation Pause) (young), 0.0104250 secs]
   [Parallel Time: 3.8 ms, GC Workers: 18]
      [GC Worker Start (ms): Min: 77407013.4, Avg: 77407014.5, Max: 77407015.4, Diff: 2.0]
      [Ext Root Scanning (ms): Min: 0.0, Avg: 0.2, Max: 0.7, Diff: 0.6, Sum: 3.2]
      [Update RS (ms): Min: 0.0, Avg: 0.1, Max: 0.2, Diff: 0.2, Sum: 1.2]
         [Processed Buffers: Min: 0, Avg: 1.9, Max: 12, Diff: 12, Sum: 34]
      [Scan RS (ms): Min: 0.0, Avg: 0.0, Max: 0.1, Diff: 0.0, Sum: 0.3]
      [Code Root Scanning (ms): Min: 0.0, Avg: 0.0, Max: 0.2, Diff: 0.2, Sum: 0.2]
      [Object Copy (ms): Min: 0.0, Avg: 0.1, Max: 0.4, Diff: 0.4, Sum: 2.1]
      [Termination (ms): Min: 0.0, Avg: 0.8, Max: 1.5, Diff: 1.5, Sum: 14.8]
         [Termination Attempts: Min: 1, Avg: 3.2, Max: 10, Diff: 9, Sum: 57]
      [GC Worker Other (ms): Min: 0.0, Avg: 0.1, Max: 0.2, Diff: 0.2, Sum: 1.1]
      [GC Worker Total (ms): Min: 0.0, Avg: 1.3, Max: 2.8, Diff: 2.7, Sum: 22.7]
      [GC Worker End (ms): Min: 77407015.4, Avg: 77407015.8, Max: 77407016.3, Diff: 0.8]
   [Code Root Fixup: 0.1 ms]
   [Code Root Purge: 0.0 ms]
   [Clear CT: 2.3 ms]
   [Other: 4.2 ms]
      [Choose CSet: 0.0 ms]
      [Ref Proc: 1.6 ms]
      [Ref Enq: 0.0 ms]
      [Redirty Cards: 2.0 ms]
      [Humongous Register: 0.0 ms]
      [Humongous Reclaim: 0.0 ms]
      [Free CSet: 0.3 ms]
   [Eden: 146.0M(146.0M)->0.0B(613.0M) Survivors: 1024.0K->1024.0K Heap: 283.3M(1024.0M)->137.1M(1024.0M)]
 [Times: user=0.03 sys=0.00, real=0.01 secs] 
2017-05-24T11:47:15.091+0200: 89590.486: [GC pause (G1 Evacuation Pause) (young), 0.0187887 secs]
   [Parallel Time: 6.5 ms, GC Workers: 18]
      [GC Worker Start (ms): Min: 89590486.0, Avg: 89590487.4, Max: 89590489.2, Diff: 3.2]
      [Ext Root Scanning (ms): Min: 0.0, Avg: 0.3, Max: 0.9, Diff: 0.9, Sum: 4.8]
      [Update RS (ms): Min: 0.0, Avg: 0.1, Max: 0.2, Diff: 0.2, Sum: 1.5]
         [Processed Buffers: Min: 0, Avg: 1.9, Max: 7, Diff: 7, Sum: 35]
      [Scan RS (ms): Min: 0.0, Avg: 0.1, Max: 0.1, Diff: 0.1, Sum: 1.2]
      [Code Root Scanning (ms): Min: 0.0, Avg: 0.0, Max: 0.2, Diff: 0.2, Sum: 0.3]
      [Object Copy (ms): Min: 0.5, Avg: 1.6, Max: 3.1, Diff: 2.5, Sum: 29.2]
      [Termination (ms): Min: 0.3, Avg: 1.3, Max: 1.9, Diff: 1.6, Sum: 23.4]
         [Termination Attempts: Min: 37, Avg: 83.3, Max: 121, Diff: 84, Sum: 1500]
      [GC Worker Other (ms): Min: 0.0, Avg: 0.2, Max: 0.7, Diff: 0.6, Sum: 4.3]
      [GC Worker Total (ms): Min: 1.6, Avg: 3.6, Max: 4.8, Diff: 3.2, Sum: 64.5]
      [GC Worker End (ms): Min: 89590490.8, Avg: 89590491.0, Max: 89590491.4, Diff: 0.6]
   [Code Root Fixup: 0.1 ms]
   [Code Root Purge: 0.0 ms]
   [Clear CT: 2.3 ms]
   [Other: 9.9 ms]
      [Choose CSet: 0.0 ms]
      [Ref Proc: 5.0 ms]
      [Ref Enq: 0.1 ms]
      [Redirty Cards: 2.8 ms]
      [Humongous Register: 0.1 ms]
      [Humongous Reclaim: 0.0 ms]
      [Free CSet: 1.7 ms]
   [Eden: 613.0M(613.0M)->0.0B(613.0M) Survivors: 1024.0K->1024.0K Heap: 750.1M(1024.0M)->137.4M(1024.0M)]
 [Times: user=0.09 sys=0.00, real=0.02 secs] 
2017-05-24T15:10:23.643+0200: 101779.038: [GC pause (G1 Evacuation Pause) (young), 0.0197026 secs]
   [Parallel Time: 5.3 ms, GC Workers: 18]
      [GC Worker Start (ms): Min: 101779037.8, Avg: 101779039.1, Max: 101779040.9, Diff: 3.0]
      [Ext Root Scanning (ms): Min: 0.0, Avg: 0.2, Max: 0.7, Diff: 0.7, Sum: 3.7]
      [Update RS (ms): Min: 0.0, Avg: 0.1, Max: 0.2, Diff: 0.2, Sum: 1.1]
         [Processed Buffers: Min: 0, Avg: 2.1, Max: 16, Diff: 16, Sum: 38]
      [Scan RS (ms): Min: 0.0, Avg: 0.1, Max: 0.1, Diff: 0.1, Sum: 1.2]
      [Code Root Scanning (ms): Min: 0.0, Avg: 0.0, Max: 0.2, Diff: 0.2, Sum: 0.3]
      [Object Copy (ms): Min: 0.0, Avg: 0.9, Max: 1.6, Diff: 1.6, Sum: 15.9]
      [Termination (ms): Min: 0.0, Avg: 0.9, Max: 1.2, Diff: 1.2, Sum: 15.9]
         [Termination Attempts: Min: 1, Avg: 24.7, Max: 52, Diff: 51, Sum: 445]
      [GC Worker Other (ms): Min: 0.0, Avg: 0.2, Max: 0.7, Diff: 0.7, Sum: 4.3]
      [GC Worker Total (ms): Min: 0.4, Avg: 2.4, Max: 4.0, Diff: 3.6, Sum: 42.3]
      [GC Worker End (ms): Min: 101779041.3, Avg: 101779041.5, Max: 101779041.9, Diff: 0.7]
   [Code Root Fixup: 0.1 ms]
   [Code Root Purge: 0.0 ms]
   [Clear CT: 1.6 ms]
   [Other: 12.7 ms]
      [Choose CSet: 0.0 ms]
      [Ref Proc: 9.2 ms]
      [Ref Enq: 0.1 ms]
      [Redirty Cards: 1.9 ms]
      [Humongous Register: 0.1 ms]
      [Humongous Reclaim: 0.0 ms]
      [Free CSet: 1.3 ms]
   [Eden: 613.0M(613.0M)->0.0B(613.0M) Survivors: 1024.0K->1024.0K Heap: 750.4M(1024.0M)->137.6M(1024.0M)]
 [Times: user=0.09 sys=0.00, real=0.02 secs] 
2017-05-24T18:33:27.126+0200: 113962.521: [GC pause (G1 Evacuation Pause) (young), 0.0211525 secs]
   [Parallel Time: 5.5 ms, GC Workers: 18]
      [GC Worker Start (ms): Min: 113962520.9, Avg: 113962523.1, Max: 113962524.7, Diff: 3.8]
      [Ext Root Scanning (ms): Min: 0.0, Avg: 0.2, Max: 0.7, Diff: 0.7, Sum: 3.7]
      [Update RS (ms): Min: 0.0, Avg: 0.1, Max: 0.3, Diff: 0.3, Sum: 1.3]
         [Processed Buffers: Min: 0, Avg: 2.0, Max: 16, Diff: 16, Sum: 36]
      [Scan RS (ms): Min: 0.0, Avg: 0.1, Max: 0.1, Diff: 0.1, Sum: 1.1]
      [Code Root Scanning (ms): Min: 0.0, Avg: 0.0, Max: 0.1, Diff: 0.1, Sum: 0.2]
      [Object Copy (ms): Min: 0.0, Avg: 0.4, Max: 1.2, Diff: 1.2, Sum: 7.9]
      [Termination (ms): Min: 0.0, Avg: 0.9, Max: 1.7, Diff: 1.7, Sum: 16.6]
         [Termination Attempts: Min: 1, Avg: 12.2, Max: 34, Diff: 33, Sum: 219]
      [GC Worker Other (ms): Min: 0.0, Avg: 0.1, Max: 0.5, Diff: 0.5, Sum: 2.4]
      [GC Worker Total (ms): Min: 0.1, Avg: 1.8, Max: 4.2, Diff: 4.1, Sum: 33.2]
      [GC Worker End (ms): Min: 113962524.8, Avg: 113962524.9, Max: 113962525.3, Diff: 0.5]
   [Code Root Fixup: 0.1 ms]
   [Code Root Purge: 0.0 ms]
   [Clear CT: 2.2 ms]
   [Other: 13.3 ms]
      [Choose CSet: 0.0 ms]
      [Ref Proc: 7.4 ms]
      [Ref Enq: 0.1 ms]
      [Redirty Cards: 2.9 ms]
      [Humongous Register: 0.1 ms]
      [Humongous Reclaim: 0.0 ms]
      [Free CSet: 2.6 ms]
   [Eden: 613.0M(613.0M)->0.0B(613.0M) Survivors: 1024.0K->1024.0K Heap: 750.6M(1024.0M)->137.4M(1024.0M)]
 [Times: user=0.09 sys=0.00, real=0.02 secs] 
2017-05-24T21:56:27.127+0200: 126142.521: [GC pause (G1 Evacuation Pause) (young), 0.0210576 secs]
   [Parallel Time: 6.2 ms, GC Workers: 18]
      [GC Worker Start (ms): Min: 126142521.1, Avg: 126142522.7, Max: 126142524.2, Diff: 3.1]
      [Ext Root Scanning (ms): Min: 0.0, Avg: 0.2, Max: 0.8, Diff: 0.8, Sum: 3.9]
      [Update RS (ms): Min: 0.0, Avg: 0.1, Max: 0.3, Diff: 0.3, Sum: 1.4]
         [Processed Buffers: Min: 0, Avg: 1.9, Max: 10, Diff: 10, Sum: 35]
      [Scan RS (ms): Min: 0.0, Avg: 0.1, Max: 0.2, Diff: 0.2, Sum: 1.6]
      [Code Root Scanning (ms): Min: 0.0, Avg: 0.0, Max: 0.2, Diff: 0.2, Sum: 0.3]
      [Object Copy (ms): Min: 0.5, Avg: 1.3, Max: 2.5, Diff: 2.0, Sum: 23.0]
      [Termination (ms): Min: 0.5, Avg: 1.5, Max: 2.6, Diff: 2.1, Sum: 26.8]
         [Termination Attempts: Min: 17, Avg: 49.7, Max: 94, Diff: 77, Sum: 895]
      [GC Worker Other (ms): Min: 0.0, Avg: 0.3, Max: 0.7, Diff: 0.7, Sum: 5.3]
      [GC Worker Total (ms): Min: 1.9, Avg: 3.5, Max: 5.0, Diff: 3.1, Sum: 62.2]
      [GC Worker End (ms): Min: 126142525.9, Avg: 126142526.2, Max: 126142526.6, Diff: 0.7]
   [Code Root Fixup: 0.1 ms]
   [Code Root Purge: 0.0 ms]
   [Clear CT: 2.0 ms]
   [Other: 12.8 ms]
      [Choose CSet: 0.0 ms]
      [Ref Proc: 8.8 ms]
      [Ref Enq: 0.1 ms]
      [Redirty Cards: 2.5 ms]
      [Humongous Register: 0.1 ms]
      [Humongous Reclaim: 0.0 ms]
      [Free CSet: 1.1 ms]
   [Eden: 613.0M(613.0M)->0.0B(613.0M) Survivors: 1024.0K->1024.0K Heap: 750.4M(1024.0M)->137.7M(1024.0M)]
 [Times: user=0.10 sys=0.01, real=0.02 secs] 
2017-05-25T01:19:32.126+0200: 138327.521: [GC pause (G1 Evacuation Pause) (young), 0.0163907 secs]
   [Parallel Time: 4.5 ms, GC Workers: 18]
      [GC Worker Start (ms): Min: 138327521.0, Avg: 138327522.6, Max: 138327524.1, Diff: 3.1]
      [Ext Root Scanning (ms): Min: 0.0, Avg: 0.2, Max: 0.7, Diff: 0.7, Sum: 3.7]
      [Update RS (ms): Min: 0.0, Avg: 0.1, Max: 0.2, Diff: 0.2, Sum: 1.1]
         [Processed Buffers: Min: 0, Avg: 1.9, Max: 14, Diff: 14, Sum: 35]
      [Scan RS (ms): Min: 0.0, Avg: 0.1, Max: 0.2, Diff: 0.1, Sum: 1.8]
      [Code Root Scanning (ms): Min: 0.0, Avg: 0.0, Max: 0.1, Diff: 0.1, Sum: 0.2]
      [Object Copy (ms): Min: 0.0, Avg: 0.4, Max: 1.0, Diff: 1.0, Sum: 8.0]
      [Termination (ms): Min: 0.0, Avg: 0.7, Max: 1.2, Diff: 1.2, Sum: 13.3]
         [Termination Attempts: Min: 1, Avg: 9.3, Max: 26, Diff: 25, Sum: 167]
      [GC Worker Other (ms): Min: 0.0, Avg: 0.2, Max: 0.5, Diff: 0.5, Sum: 3.2]
      [GC Worker Total (ms): Min: 0.1, Avg: 1.7, Max: 3.5, Diff: 3.4, Sum: 31.1]
      [GC Worker End (ms): Min: 138327524.1, Avg: 138327524.3, Max: 138327524.7, Diff: 0.5]
   [Code Root Fixup: 0.1 ms]
   [Code Root Purge: 0.0 ms]
   [Clear CT: 2.5 ms]
   [Other: 9.4 ms]
      [Choose CSet: 0.0 ms]
      [Ref Proc: 4.9 ms]
      [Ref Enq: 0.1 ms]
      [Redirty Cards: 2.8 ms]
      [Humongous Register: 0.1 ms]
      [Humongous Reclaim: 0.0 ms]
      [Free CSet: 1.2 ms]
   [Eden: 613.0M(613.0M)->0.0B(613.0M) Survivors: 1024.0K->1024.0K Heap: 750.7M(1024.0M)->137.4M(1024.0M)]
 [Times: user=0.07 sys=0.00, real=0.01 secs] 
2017-05-25T04:42:33.221+0200: 150508.615: [GC pause (G1 Evacuation Pause) (young), 0.0261212 secs]
   [Parallel Time: 13.1 ms, GC Workers: 18]
      [GC Worker Start (ms): Min: 150508615.7, Avg: 150508617.6, Max: 150508620.6, Diff: 4.9]
      [Ext Root Scanning (ms): Min: 0.0, Avg: 0.3, Max: 1.0, Diff: 1.0, Sum: 5.9]
      [Update RS (ms): Min: 0.0, Avg: 0.1, Max: 1.4, Diff: 1.4, Sum: 2.6]
         [Processed Buffers: Min: 0, Avg: 1.9, Max: 9, Diff: 9, Sum: 35]
      [Scan RS (ms): Min: 0.0, Avg: 0.1, Max: 0.2, Diff: 0.2, Sum: 1.5]
      [Code Root Scanning (ms): Min: 0.0, Avg: 0.0, Max: 0.1, Diff: 0.1, Sum: 0.2]
      [Object Copy (ms): Min: 0.3, Avg: 3.1, Max: 6.4, Diff: 6.1, Sum: 56.2]
      [Termination (ms): Min: 2.6, Avg: 6.1, Max: 7.3, Diff: 4.8, Sum: 108.9]
         [Termination Attempts: Min: 20, Avg: 157.0, Max: 246, Diff: 226, Sum: 2826]
      [GC Worker Other (ms): Min: 0.0, Avg: 0.2, Max: 0.5, Diff: 0.5, Sum: 3.7]
      [GC Worker Total (ms): Min: 6.7, Avg: 9.9, Max: 12.0, Diff: 5.3, Sum: 179.1]
      [GC Worker End (ms): Min: 150508627.3, Avg: 150508627.5, Max: 150508627.8, Diff: 0.5]
   [Code Root Fixup: 0.1 ms]
   [Code Root Purge: 0.0 ms]
   [Clear CT: 1.7 ms]
   [Other: 11.2 ms]
      [Choose CSet: 0.0 ms]
      [Ref Proc: 7.5 ms]
      [Ref Enq: 0.1 ms]
      [Redirty Cards: 2.2 ms]
      [Humongous Register: 0.1 ms]
      [Humongous Reclaim: 0.0 ms]
      [Free CSet: 1.1 ms]
   [Eden: 613.0M(613.0M)->0.0B(613.0M) Survivors: 1024.0K->1024.0K Heap: 750.4M(1024.0M)->137.7M(1024.0M)]
 [Times: user=0.23 sys=0.00, real=0.03 secs] 
2017-05-25T08:04:40.551+0200: 162635.945: [GC pause (G1 Evacuation Pause) (young), 0.0211271 secs]
   [Parallel Time: 5.3 ms, GC Workers: 18]
      [GC Worker Start (ms): Min: 162635945.3, Avg: 162635947.3, Max: 162635948.8, Diff: 3.5]
      [Ext Root Scanning (ms): Min: 0.0, Avg: 0.2, Max: 0.7, Diff: 0.7, Sum: 3.7]
      [Update RS (ms): Min: 0.0, Avg: 0.1, Max: 0.2, Diff: 0.2, Sum: 1.1]
         [Processed Buffers: Min: 0, Avg: 2.0, Max: 15, Diff: 15, Sum: 36]
      [Scan RS (ms): Min: 0.0, Avg: 0.1, Max: 0.2, Diff: 0.1, Sum: 1.4]
      [Code Root Scanning (ms): Min: 0.0, Avg: 0.0, Max: 0.1, Diff: 0.1, Sum: 0.2]
      [Object Copy (ms): Min: 0.0, Avg: 0.5, Max: 1.4, Diff: 1.4, Sum: 9.6]
      [Termination (ms): Min: 0.0, Avg: 0.8, Max: 1.2, Diff: 1.2, Sum: 13.7]
         [Termination Attempts: Min: 1, Avg: 12.3, Max: 35, Diff: 34, Sum: 221]
      [GC Worker Other (ms): Min: 0.0, Avg: 0.2, Max: 0.6, Diff: 0.6, Sum: 3.3]
      [GC Worker Total (ms): Min: 0.2, Avg: 1.8, Max: 4.0, Diff: 3.8, Sum: 33.1]
      [GC Worker End (ms): Min: 162635948.9, Avg: 162635949.1, Max: 162635949.5, Diff: 0.6]
   [Code Root Fixup: 0.1 ms]
   [Code Root Purge: 0.0 ms]
   [Clear CT: 1.7 ms]
   [Other: 14.0 ms]
      [Choose CSet: 0.0 ms]
      [Ref Proc: 10.5 ms]
      [Ref Enq: 0.1 ms]
      [Redirty Cards: 2.3 ms]
      [Humongous Register: 0.1 ms]
      [Humongous Reclaim: 0.0 ms]
      [Free CSet: 0.8 ms]
   [Eden: 613.0M(613.0M)->0.0B(613.0M) Survivors: 1024.0K->1024.0K Heap: 750.7M(1024.0M)->137.5M(1024.0M)]
 [Times: user=0.11 sys=0.00, real=0.02 secs] 
2017-05-25T11:27:39.355+0200: 174814.749: [GC pause (G1 Evacuation Pause) (young), 0.0248870 secs]
   [Parallel Time: 5.0 ms, GC Workers: 18]
      [GC Worker Start (ms): Min: 174814749.2, Avg: 174814751.3, Max: 174814752.9, Diff: 3.7]
      [Ext Root Scanning (ms): Min: 0.0, Avg: 0.2, Max: 0.7, Diff: 0.7, Sum: 3.5]
      [Update RS (ms): Min: 0.0, Avg: 0.1, Max: 0.2, Diff: 0.2, Sum: 1.1]
         [Processed Buffers: Min: 0, Avg: 2.1, Max: 13, Diff: 13, Sum: 37]
      [Scan RS (ms): Min: 0.0, Avg: 0.1, Max: 0.3, Diff: 0.3, Sum: 1.7]
      [Code Root Scanning (ms): Min: 0.0, Avg: 0.0, Max: 0.1, Diff: 0.1, Sum: 0.2]
      [Object Copy (ms): Min: 0.0, Avg: 0.4, Max: 1.1, Diff: 1.1, Sum: 7.4]
      [Termination (ms): Min: 0.0, Avg: 0.9, Max: 1.7, Diff: 1.7, Sum: 16.8]
         [Termination Attempts: Min: 1, Avg: 12.4, Max: 35, Diff: 34, Sum: 224]
      [GC Worker Other (ms): Min: 0.0, Avg: 0.1, Max: 0.5, Diff: 0.5, Sum: 2.6]
      [GC Worker Total (ms): Min: 0.1, Avg: 1.8, Max: 4.1, Diff: 4.1, Sum: 33.2]
      [GC Worker End (ms): Min: 174814753.0, Avg: 174814753.1, Max: 174814753.5, Diff: 0.5]
   [Code Root Fixup: 0.1 ms]
   [Code Root Purge: 0.0 ms]
   [Clear CT: 2.5 ms]
   [Other: 17.3 ms]
      [Choose CSet: 0.0 ms]
      [Ref Proc: 13.1 ms]
      [Ref Enq: 0.1 ms]
      [Redirty Cards: 3.0 ms]
      [Humongous Register: 0.1 ms]
      [Humongous Reclaim: 0.0 ms]
      [Free CSet: 0.8 ms]
   [Eden: 613.0M(613.0M)->0.0B(50.0M) Survivors: 1024.0K->1024.0K Heap: 750.5M(1024.0M)->137.5M(1024.0M)]
 [Times: user=0.14 sys=0.00, real=0.03 secs] 
2017-05-25T11:44:10.103+0200: 175805.497: [GC pause (G1 Evacuation Pause) (young), 0.0129042 secs]
   [Parallel Time: 2.4 ms, GC Workers: 18]
      [GC Worker Start (ms): Min: 175805497.7, Avg: 175805498.8, Max: 175805499.9, Diff: 2.2]
      [Ext Root Scanning (ms): Min: 0.0, Avg: 0.2, Max: 0.6, Diff: 0.6, Sum: 3.0]
      [Update RS (ms): Min: 0.0, Avg: 0.1, Max: 0.2, Diff: 0.2, Sum: 1.1]
         [Processed Buffers: Min: 0, Avg: 1.8, Max: 10, Diff: 10, Sum: 33]
      [Scan RS (ms): Min: 0.0, Avg: 0.0, Max: 0.0, Diff: 0.0, Sum: 0.1]
      [Code Root Scanning (ms): Min: 0.0, Avg: 0.0, Max: 0.1, Diff: 0.1, Sum: 0.1]
      [Object Copy (ms): Min: 0.0, Avg: 0.1, Max: 0.2, Diff: 0.2, Sum: 0.9]
      [Termination (ms): Min: 0.0, Avg: 0.8, Max: 1.3, Diff: 1.3, Sum: 13.9]
         [Termination Attempts: Min: 1, Avg: 1.1, Max: 2, Diff: 1, Sum: 19]
      [GC Worker Other (ms): Min: 0.0, Avg: 0.0, Max: 0.0, Diff: 0.0, Sum: 0.2]
      [GC Worker Total (ms): Min: 0.0, Avg: 1.1, Max: 2.2, Diff: 2.2, Sum: 19.3]
      [GC Worker End (ms): Min: 175805499.9, Avg: 175805499.9, Max: 175805499.9, Diff: 0.1]
   [Code Root Fixup: 0.1 ms]
   [Code Root Purge: 0.0 ms]
   [Clear CT: 2.2 ms]
   [Other: 8.1 ms]
      [Choose CSet: 0.0 ms]
      [Ref Proc: 5.8 ms]
      [Ref Enq: 0.0 ms]
      [Redirty Cards: 1.9 ms]
      [Humongous Register: 0.0 ms]
      [Humongous Reclaim: 0.0 ms]
      [Free CSet: 0.1 ms]
   [Eden: 50.0M(50.0M)->0.0B(613.0M) Survivors: 1024.0K->1024.0K Heap: 187.5M(1024.0M)->137.1M(1024.0M)]
 [Times: user=0.05 sys=0.00, real=0.01 secs] 
2017-05-25T15:07:00.024+0200: 187975.418: [GC pause (G1 Evacuation Pause) (young), 0.0236853 secs]
   [Parallel Time: 4.6 ms, GC Workers: 18]
      [GC Worker Start (ms): Min: 187975418.5, Avg: 187975420.3, Max: 187975422.1, Diff: 3.6]
      [Ext Root Scanning (ms): Min: 0.0, Avg: 0.2, Max: 0.7, Diff: 0.7, Sum: 3.9]
      [Update RS (ms): Min: 0.0, Avg: 0.1, Max: 0.5, Diff: 0.5, Sum: 1.7]
         [Processed Buffers: Min: 0, Avg: 2.0, Max: 12, Diff: 12, Sum: 36]
      [Scan RS (ms): Min: 0.0, Avg: 0.1, Max: 0.3, Diff: 0.3, Sum: 2.2]
      [Code Root Scanning (ms): Min: 0.0, Avg: 0.0, Max: 0.5, Diff: 0.5, Sum: 0.5]
      [Object Copy (ms): Min: 0.0, Avg: 0.5, Max: 1.3, Diff: 1.3, Sum: 9.8]
      [Termination (ms): Min: 0.0, Avg: 0.8, Max: 1.3, Diff: 1.3, Sum: 13.8]
         [Termination Attempts: Min: 1, Avg: 18.3, Max: 45, Diff: 44, Sum: 330]
      [GC Worker Other (ms): Min: 0.0, Avg: 0.1, Max: 0.5, Diff: 0.5, Sum: 2.4]
      [GC Worker Total (ms): Min: 0.1, Avg: 1.9, Max: 3.7, Diff: 3.7, Sum: 34.2]
      [GC Worker End (ms): Min: 187975422.1, Avg: 187975422.2, Max: 187975422.6, Diff: 0.5]
   [Code Root Fixup: 0.1 ms]
   [Code Root Purge: 0.0 ms]
   [Clear CT: 2.0 ms]
   [Other: 17.1 ms]
      [Choose CSet: 0.0 ms]
      [Ref Proc: 13.0 ms]
      [Ref Enq: 0.1 ms]
      [Redirty Cards: 2.4 ms]
      [Humongous Register: 0.1 ms]
      [Humongous Reclaim: 0.0 ms]
      [Free CSet: 1.3 ms]
   [Eden: 613.0M(613.0M)->0.0B(165.0M) Survivors: 1024.0K->1024.0K Heap: 750.1M(1024.0M)->137.4M(1024.0M)]
 [Times: user=0.13 sys=0.00, real=0.03 secs] 
2017-05-25T16:01:37.126+0200: 191252.521: [GC pause (G1 Evacuation Pause) (young), 0.0170029 secs]
   [Parallel Time: 3.2 ms, GC Workers: 18]
      [GC Worker Start (ms): Min: 191252520.9, Avg: 191252522.2, Max: 191252523.3, Diff: 2.5]
      [Ext Root Scanning (ms): Min: 0.0, Avg: 0.2, Max: 0.8, Diff: 0.8, Sum: 3.7]
      [Update RS (ms): Min: 0.0, Avg: 0.1, Max: 0.2, Diff: 0.2, Sum: 1.2]
         [Processed Buffers: Min: 0, Avg: 2.0, Max: 12, Diff: 12, Sum: 36]
      [Scan RS (ms): Min: 0.0, Avg: 0.0, Max: 0.0, Diff: 0.0, Sum: 0.3]
      [Code Root Scanning (ms): Min: 0.0, Avg: 0.0, Max: 0.1, Diff: 0.1, Sum: 0.1]
      [Object Copy (ms): Min: 0.0, Avg: 0.1, Max: 0.3, Diff: 0.3, Sum: 2.0]
      [Termination (ms): Min: 0.0, Avg: 0.8, Max: 1.3, Diff: 1.3, Sum: 14.6]
         [Termination Attempts: Min: 1, Avg: 2.1, Max: 5, Diff: 4, Sum: 37]
      [GC Worker Other (ms): Min: 0.0, Avg: 0.1, Max: 0.3, Diff: 0.3, Sum: 1.5]
      [GC Worker Total (ms): Min: 0.1, Avg: 1.3, Max: 2.7, Diff: 2.7, Sum: 23.3]
      [GC Worker End (ms): Min: 191252523.4, Avg: 191252523.5, Max: 191252523.7, Diff: 0.3]
   [Code Root Fixup: 0.1 ms]
   [Code Root Purge: 0.0 ms]
   [Clear CT: 2.0 ms]
   [Other: 11.8 ms]
      [Choose CSet: 0.0 ms]
      [Ref Proc: 9.0 ms]
      [Ref Enq: 0.0 ms]
      [Redirty Cards: 2.0 ms]
      [Humongous Register: 0.1 ms]
      [Humongous Reclaim: 0.0 ms]
      [Free CSet: 0.4 ms]
   [Eden: 165.0M(165.0M)->0.0B(491.0M) Survivors: 1024.0K->1024.0K Heap: 302.4M(1024.0M)->137.2M(1024.0M)]
 [Times: user=0.10 sys=0.00, real=0.01 secs] 
2017-05-25T18:44:13.141+0200: 201008.535: [GC pause (G1 Evacuation Pause) (young), 0.0186457 secs]
   [Parallel Time: 7.7 ms, GC Workers: 18]
      [GC Worker Start (ms): Min: 201008535.6, Avg: 201008536.5, Max: 201008541.5, Diff: 5.9]
      [Ext Root Scanning (ms): Min: 0.0, Avg: 0.3, Max: 0.9, Diff: 0.9, Sum: 5.1]
      [Update RS (ms): Min: 0.0, Avg: 0.4, Max: 1.6, Diff: 1.6, Sum: 7.6]
         [Processed Buffers: Min: 0, Avg: 1.9, Max: 14, Diff: 14, Sum: 34]
      [Scan RS (ms): Min: 0.0, Avg: 0.1, Max: 0.2, Diff: 0.1, Sum: 1.4]
      [Code Root Scanning (ms): Min: 0.0, Avg: 0.0, Max: 0.1, Diff: 0.1, Sum: 0.2]
      [Object Copy (ms): Min: 0.0, Avg: 2.2, Max: 4.3, Diff: 4.3, Sum: 40.2]
      [Termination (ms): Min: 0.0, Avg: 2.0, Max: 3.5, Diff: 3.5, Sum: 35.8]
         [Termination Attempts: Min: 1, Avg: 92.0, Max: 134, Diff: 133, Sum: 1656]
      [GC Worker Other (ms): Min: 0.0, Avg: 0.2, Max: 0.6, Diff: 0.6, Sum: 4.0]
      [GC Worker Total (ms): Min: 0.0, Avg: 5.2, Max: 6.2, Diff: 6.1, Sum: 94.2]
      [GC Worker End (ms): Min: 201008541.6, Avg: 201008541.8, Max: 201008542.2, Diff: 0.6]
   [Code Root Fixup: 0.1 ms]
   [Code Root Purge: 0.0 ms]
   [Clear CT: 2.4 ms]
   [Other: 8.5 ms]
      [Choose CSet: 0.0 ms]
      [Ref Proc: 4.3 ms]
      [Ref Enq: 0.1 ms]
      [Redirty Cards: 3.1 ms]
      [Humongous Register: 0.1 ms]
      [Humongous Reclaim: 0.0 ms]
      [Free CSet: 0.6 ms]
   [Eden: 491.0M(491.0M)->0.0B(613.0M) Survivors: 1024.0K->1024.0K Heap: 628.2M(1024.0M)->137.5M(1024.0M)]
 [Times: user=0.10 sys=0.01, real=0.02 secs] 
2017-05-25T22:07:17.126+0200: 213192.521: [GC pause (G1 Evacuation Pause) (young), 0.0239241 secs]
   [Parallel Time: 4.6 ms, GC Workers: 18]
      [GC Worker Start (ms): Min: 213192521.0, Avg: 213192523.0, Max: 213192524.7, Diff: 3.7]
      [Ext Root Scanning (ms): Min: 0.0, Avg: 0.2, Max: 0.8, Diff: 0.8, Sum: 3.7]
      [Update RS (ms): Min: 0.0, Avg: 0.1, Max: 0.3, Diff: 0.3, Sum: 1.3]
         [Processed Buffers: Min: 0, Avg: 2.3, Max: 13, Diff: 13, Sum: 41]
      [Scan RS (ms): Min: 0.0, Avg: 0.1, Max: 0.1, Diff: 0.1, Sum: 1.1]
      [Code Root Scanning (ms): Min: 0.0, Avg: 0.0, Max: 0.0, Diff: 0.0, Sum: 0.0]
      [Object Copy (ms): Min: 0.0, Avg: 0.4, Max: 1.1, Diff: 1.1, Sum: 7.8]
      [Termination (ms): Min: 0.0, Avg: 1.0, Max: 1.6, Diff: 1.6, Sum: 18.7]
         [Termination Attempts: Min: 1, Avg: 11.3, Max: 37, Diff: 36, Sum: 203]
      [GC Worker Other (ms): Min: 0.0, Avg: 0.2, Max: 0.7, Diff: 0.7, Sum: 3.9]
      [GC Worker Total (ms): Min: 0.1, Avg: 2.0, Max: 3.9, Diff: 3.8, Sum: 36.6]
      [GC Worker End (ms): Min: 213192524.8, Avg: 213192525.0, Max: 213192525.5, Diff: 0.7]
   [Code Root Fixup: 0.1 ms]
   [Code Root Purge: 0.0 ms]
   [Clear CT: 1.9 ms]
   [Other: 17.4 ms]
      [Choose CSet: 0.0 ms]
      [Ref Proc: 12.4 ms]
      [Ref Enq: 0.1 ms]
      [Redirty Cards: 2.7 ms]
      [Humongous Register: 0.1 ms]
      [Humongous Reclaim: 0.0 ms]
      [Free CSet: 1.9 ms]
   [Eden: 613.0M(613.0M)->0.0B(274.0M) Survivors: 1024.0K->1024.0K Heap: 750.5M(1024.0M)->137.5M(1024.0M)]
 [Times: user=0.12 sys=0.00, real=0.02 secs] 
2017-05-25T23:37:52.247+0200: 218627.642: [GC pause (G1 Evacuation Pause) (young), 0.0262365 secs]
   [Parallel Time: 3.8 ms, GC Workers: 18]
      [GC Worker Start (ms): Min: 218627641.9, Avg: 218627643.2, Max: 218627644.4, Diff: 2.4]
      [Ext Root Scanning (ms): Min: 0.0, Avg: 0.2, Max: 0.6, Diff: 0.6, Sum: 3.0]
      [Update RS (ms): Min: 0.0, Avg: 0.0, Max: 0.2, Diff: 0.2, Sum: 0.6]
         [Processed Buffers: Min: 0, Avg: 1.9, Max: 10, Diff: 10, Sum: 34]
      [Scan RS (ms): Min: 0.0, Avg: 0.0, Max: 0.1, Diff: 0.0, Sum: 0.5]
      [Code Root Scanning (ms): Min: 0.0, Avg: 0.0, Max: 0.0, Diff: 0.0, Sum: 0.0]
      [Object Copy (ms): Min: 0.0, Avg: 0.2, Max: 0.4, Diff: 0.4, Sum: 2.9]
      [Termination (ms): Min: 0.0, Avg: 0.8, Max: 1.3, Diff: 1.3, Sum: 14.1]
         [Termination Attempts: Min: 1, Avg: 3.2, Max: 16, Diff: 15, Sum: 57]
      [GC Worker Other (ms): Min: 0.0, Avg: 0.0, Max: 0.1, Diff: 0.1, Sum: 0.5]
      [GC Worker Total (ms): Min: 0.1, Avg: 1.2, Max: 2.5, Diff: 2.4, Sum: 21.6]
      [GC Worker End (ms): Min: 218627644.4, Avg: 218627644.4, Max: 218627644.5, Diff: 0.1]
   [Code Root Fixup: 0.1 ms]
   [Code Root Purge: 0.0 ms]
   [Clear CT: 2.0 ms]
   [Other: 20.3 ms]
      [Choose CSet: 0.0 ms]
      [Ref Proc: 17.7 ms]
      [Ref Enq: 0.0 ms]
      [Redirty Cards: 1.8 ms]
      [Humongous Register: 0.0 ms]
      [Humongous Reclaim: 0.0 ms]
      [Free CSet: 0.5 ms]
   [Eden: 274.0M(274.0M)->0.0B(50.0M) Survivors: 1024.0K->1024.0K Heap: 411.5M(1024.0M)->137.3M(1024.0M)]
 [Times: user=0.13 sys=0.00, real=0.02 secs] 
2017-05-25T23:54:17.126+0200: 219612.521: [GC pause (G1 Evacuation Pause) (young), 0.0147548 secs]
   [Parallel Time: 3.8 ms, GC Workers: 18]
      [GC Worker Start (ms): Min: 219612521.0, Avg: 219612522.1, Max: 219612523.2, Diff: 2.2]
      [Ext Root Scanning (ms): Min: 0.0, Avg: 0.2, Max: 0.7, Diff: 0.7, Sum: 3.5]
      [Update RS (ms): Min: 0.0, Avg: 0.0, Max: 0.2, Diff: 0.2, Sum: 0.7]
         [Processed Buffers: Min: 0, Avg: 1.8, Max: 15, Diff: 15, Sum: 33]
      [Scan RS (ms): Min: 0.0, Avg: 0.0, Max: 0.0, Diff: 0.0, Sum: 0.1]
      [Code Root Scanning (ms): Min: 0.0, Avg: 0.0, Max: 0.0, Diff: 0.0, Sum: 0.0]
      [Object Copy (ms): Min: 0.0, Avg: 0.0, Max: 0.1, Diff: 0.1, Sum: 0.6]
      [Termination (ms): Min: 0.0, Avg: 0.8, Max: 1.3, Diff: 1.3, Sum: 14.3]
         [Termination Attempts: Min: 1, Avg: 1.0, Max: 1, Diff: 0, Sum: 18]
      [GC Worker Other (ms): Min: 0.0, Avg: 0.0, Max: 0.0, Diff: 0.0, Sum: 0.3]
      [GC Worker Total (ms): Min: 0.0, Avg: 1.1, Max: 2.2, Diff: 2.2, Sum: 19.5]
      [GC Worker End (ms): Min: 219612523.2, Avg: 219612523.2, Max: 219612523.2, Diff: 0.0]
   [Code Root Fixup: 0.1 ms]
   [Code Root Purge: 0.0 ms]
   [Clear CT: 2.4 ms]
   [Other: 8.4 ms]
      [Choose CSet: 0.0 ms]
      [Ref Proc: 6.5 ms]
      [Ref Enq: 0.0 ms]
      [Redirty Cards: 1.3 ms]
      [Humongous Register: 0.1 ms]
      [Humongous Reclaim: 0.0 ms]
      [Free CSet: 0.2 ms]
   [Eden: 50.0M(50.0M)->0.0B(50.0M) Survivors: 1024.0K->1024.0K Heap: 187.3M(1024.0M)->137.1M(1024.0M)]
 [Times: user=0.08 sys=0.00, real=0.01 secs] 
2017-05-26T00:10:42.582+0200: 220597.976: [GC pause (G1 Evacuation Pause) (young), 0.0136623 secs]
   [Parallel Time: 3.3 ms, GC Workers: 18]
      [GC Worker Start (ms): Min: 220597976.1, Avg: 220597977.1, Max: 220597977.9, Diff: 1.7]
      [Ext Root Scanning (ms): Min: 0.0, Avg: 0.1, Max: 0.6, Diff: 0.6, Sum: 2.7]
      [Update RS (ms): Min: 0.0, Avg: 0.0, Max: 0.1, Diff: 0.1, Sum: 0.6]
         [Processed Buffers: Min: 0, Avg: 1.8, Max: 13, Diff: 13, Sum: 33]
      [Scan RS (ms): Min: 0.0, Avg: 0.0, Max: 0.0, Diff: 0.0, Sum: 0.1]
      [Code Root Scanning (ms): Min: 0.0, Avg: 0.0, Max: 0.0, Diff: 0.0, Sum: 0.0]
      [Object Copy (ms): Min: 0.0, Avg: 0.0, Max: 0.2, Diff: 0.2, Sum: 0.8]
      [Termination (ms): Min: 0.0, Avg: 0.6, Max: 1.0, Diff: 1.0, Sum: 10.1]
         [Termination Attempts: Min: 1, Avg: 1.4, Max: 3, Diff: 2, Sum: 25]
      [GC Worker Other (ms): Min: 0.0, Avg: 0.0, Max: 0.0, Diff: 0.0, Sum: 0.3]
      [GC Worker Total (ms): Min: 0.0, Avg: 0.8, Max: 1.8, Diff: 1.7, Sum: 14.5]
      [GC Worker End (ms): Min: 220597977.9, Avg: 220597977.9, Max: 220597977.9, Diff: 0.0]
   [Code Root Fixup: 0.1 ms]
   [Code Root Purge: 0.0 ms]
   [Clear CT: 2.0 ms]
   [Other: 8.2 ms]
      [Choose CSet: 0.0 ms]
      [Ref Proc: 6.1 ms]
      [Ref Enq: 0.0 ms]
      [Redirty Cards: 1.7 ms]
      [Humongous Register: 0.0 ms]
      [Humongous Reclaim: 0.0 ms]
      [Free CSet: 0.2 ms]
   [Eden: 50.0M(50.0M)->0.0B(426.0M) Survivors: 1024.0K->1024.0K Heap: 187.1M(1024.0M)->137.1M(1024.0M)]
 [Times: user=0.06 sys=0.00, real=0.01 secs] 
2017-05-26T02:31:37.126+0200: 229052.521: [GC pause (G1 Evacuation Pause) (young), 0.0137185 secs]
   [Parallel Time: 5.1 ms, GC Workers: 18]
      [GC Worker Start (ms): Min: 229052521.0, Avg: 229052522.6, Max: 229052524.2, Diff: 3.1]
      [Ext Root Scanning (ms): Min: 0.0, Avg: 0.2, Max: 0.7, Diff: 0.7, Sum: 3.4]
      [Update RS (ms): Min: 0.0, Avg: 0.1, Max: 0.8, Diff: 0.8, Sum: 1.4]
         [Processed Buffers: Min: 0, Avg: 1.8, Max: 14, Diff: 14, Sum: 32]
      [Scan RS (ms): Min: 0.0, Avg: 0.1, Max: 0.2, Diff: 0.2, Sum: 0.9]
      [Code Root Scanning (ms): Min: 0.0, Avg: 0.0, Max: 0.0, Diff: 0.0, Sum: 0.0]
      [Object Copy (ms): Min: 0.0, Avg: 0.3, Max: 0.8, Diff: 0.8, Sum: 4.8]
      [Termination (ms): Min: 0.0, Avg: 1.0, Max: 1.5, Diff: 1.5, Sum: 18.1]
         [Termination Attempts: Min: 1, Avg: 7.0, Max: 20, Diff: 19, Sum: 126]
      [GC Worker Other (ms): Min: 0.0, Avg: 0.2, Max: 0.7, Diff: 0.6, Sum: 3.9]
      [GC Worker Total (ms): Min: 0.1, Avg: 1.8, Max: 3.7, Diff: 3.7, Sum: 32.6]
      [GC Worker End (ms): Min: 229052524.2, Avg: 229052524.4, Max: 229052524.9, Diff: 0.7]
   [Code Root Fixup: 0.1 ms]
   [Code Root Purge: 0.0 ms]
   [Clear CT: 2.0 ms]
   [Other: 6.6 ms]
      [Choose CSet: 0.0 ms]
      [Ref Proc: 3.2 ms]
      [Ref Enq: 0.0 ms]
      [Redirty Cards: 2.5 ms]
      [Humongous Register: 0.1 ms]
      [Humongous Reclaim: 0.0 ms]
      [Free CSet: 0.6 ms]
   [Eden: 426.0M(426.0M)->0.0B(613.0M) Survivors: 1024.0K->1024.0K Heap: 563.1M(1024.0M)->137.4M(1024.0M)]
 [Times: user=0.06 sys=0.00, real=0.01 secs] 
2017-05-26T05:54:19.882+0200: 241215.277: [GC pause (G1 Evacuation Pause) (young), 0.0277407 secs]
   [Parallel Time: 5.0 ms, GC Workers: 18]
      [GC Worker Start (ms): Min: 241215277.0, Avg: 241215278.8, Max: 241215280.4, Diff: 3.4]
      [Ext Root Scanning (ms): Min: 0.0, Avg: 0.2, Max: 0.8, Diff: 0.8, Sum: 3.7]
      [Update RS (ms): Min: 0.0, Avg: 0.0, Max: 0.2, Diff: 0.2, Sum: 0.9]
         [Processed Buffers: Min: 0, Avg: 1.8, Max: 11, Diff: 11, Sum: 33]
      [Scan RS (ms): Min: 0.0, Avg: 0.1, Max: 0.1, Diff: 0.1, Sum: 1.2]
      [Code Root Scanning (ms): Min: 0.0, Avg: 0.0, Max: 0.0, Diff: 0.0, Sum: 0.1]
      [Object Copy (ms): Min: 0.0, Avg: 0.4, Max: 1.0, Diff: 1.0, Sum: 7.1]
      [Termination (ms): Min: 0.0, Avg: 0.9, Max: 1.5, Diff: 1.5, Sum: 16.4]
         [Termination Attempts: Min: 1, Avg: 8.3, Max: 28, Diff: 27, Sum: 149]
      [GC Worker Other (ms): Min: 0.0, Avg: 0.2, Max: 0.8, Diff: 0.8, Sum: 3.6]
      [GC Worker Total (ms): Min: 0.1, Avg: 1.8, Max: 3.8, Diff: 3.7, Sum: 32.8]
      [GC Worker End (ms): Min: 241215280.5, Avg: 241215280.6, Max: 241215281.0, Diff: 0.5]
   [Code Root Fixup: 0.1 ms]
   [Code Root Purge: 0.0 ms]
   [Clear CT: 1.9 ms]
   [Other: 20.8 ms]
      [Choose CSet: 0.0 ms]
      [Ref Proc: 16.4 ms]
      [Ref Enq: 0.1 ms]
      [Redirty Cards: 2.7 ms]
      [Humongous Register: 0.1 ms]
      [Humongous Reclaim: 0.0 ms]
      [Free CSet: 1.4 ms]
   [Eden: 613.0M(613.0M)->0.0B(50.0M) Survivors: 1024.0K->1024.0K Heap: 750.4M(1024.0M)->137.5M(1024.0M)]
 [Times: user=0.15 sys=0.00, real=0.03 secs] 
2017-05-26T06:10:37.126+0200: 242192.521: [GC pause (G1 Evacuation Pause) (young), 0.0217041 secs]
   [Parallel Time: 3.7 ms, GC Workers: 18]
      [GC Worker Start (ms): Min: 242192521.0, Avg: 242192522.1, Max: 242192523.2, Diff: 2.3]
      [Ext Root Scanning (ms): Min: 0.0, Avg: 0.2, Max: 0.6, Diff: 0.6, Sum: 3.0]
      [Update RS (ms): Min: 0.0, Avg: 0.0, Max: 0.2, Diff: 0.2, Sum: 0.7]
         [Processed Buffers: Min: 0, Avg: 1.8, Max: 15, Diff: 15, Sum: 33]
      [Scan RS (ms): Min: 0.0, Avg: 0.0, Max: 0.0, Diff: 0.0, Sum: 0.1]
      [Code Root Scanning (ms): Min: 0.0, Avg: 0.0, Max: 0.0, Diff: 0.0, Sum: 0.0]
      [Object Copy (ms): Min: 0.0, Avg: 0.0, Max: 0.1, Diff: 0.1, Sum: 0.7]
      [Termination (ms): Min: 0.0, Avg: 1.0, Max: 1.5, Diff: 1.5, Sum: 17.3]
         [Termination Attempts: Min: 1, Avg: 1.0, Max: 1, Diff: 0, Sum: 18]
      [GC Worker Other (ms): Min: 0.0, Avg: 0.0, Max: 0.0, Diff: 0.0, Sum: 0.2]
      [GC Worker Total (ms): Min: 0.0, Avg: 1.2, Max: 2.3, Diff: 2.3, Sum: 22.0]
      [GC Worker End (ms): Min: 242192523.3, Avg: 242192523.3, Max: 242192523.3, Diff: 0.1]
   [Code Root Fixup: 0.1 ms]
   [Code Root Purge: 0.0 ms]
   [Clear CT: 1.3 ms]
   [Other: 16.6 ms]
      [Choose CSet: 0.0 ms]
      [Ref Proc: 15.4 ms]
      [Ref Enq: 0.0 ms]
      [Redirty Cards: 0.8 ms]
      [Humongous Register: 0.0 ms]
      [Humongous Reclaim: 0.0 ms]
      [Free CSet: 0.1 ms]
   [Eden: 50.0M(50.0M)->0.0B(50.0M) Survivors: 1024.0K->1024.0K Heap: 187.5M(1024.0M)->137.2M(1024.0M)]
 [Times: user=0.14 sys=0.00, real=0.02 secs] 
2017-05-26T06:27:07.126+0200: 243182.521: [GC pause (G1 Evacuation Pause) (young), 0.0189178 secs]
   [Parallel Time: 4.0 ms, GC Workers: 18]
      [GC Worker Start (ms): Min: 243182521.0, Avg: 243182522.1, Max: 243182523.4, Diff: 2.4]
      [Ext Root Scanning (ms): Min: 0.0, Avg: 0.2, Max: 0.6, Diff: 0.6, Sum: 3.0]
      [Update RS (ms): Min: 0.0, Avg: 0.0, Max: 0.2, Diff: 0.2, Sum: 0.7]
         [Processed Buffers: Min: 0, Avg: 1.8, Max: 12, Diff: 12, Sum: 32]
      [Scan RS (ms): Min: 0.0, Avg: 0.0, Max: 0.0, Diff: 0.0, Sum: 0.1]
      [Code Root Scanning (ms): Min: 0.0, Avg: 0.0, Max: 0.0, Diff: 0.0, Sum: 0.0]
      [Object Copy (ms): Min: 0.0, Avg: 0.0, Max: 0.1, Diff: 0.1, Sum: 0.6]
      [Termination (ms): Min: 0.0, Avg: 1.3, Max: 2.1, Diff: 2.1, Sum: 22.8]
         [Termination Attempts: Min: 1, Avg: 1.1, Max: 2, Diff: 1, Sum: 19]
      [GC Worker Other (ms): Min: 0.0, Avg: 0.1, Max: 0.4, Diff: 0.4, Sum: 1.1]
      [GC Worker Total (ms): Min: 0.0, Avg: 1.6, Max: 2.8, Diff: 2.7, Sum: 28.3]
      [GC Worker End (ms): Min: 243182523.5, Avg: 243182523.7, Max: 243182523.9, Diff: 0.4]
   [Code Root Fixup: 0.1 ms]
   [Code Root Purge: 0.0 ms]
   [Clear CT: 3.1 ms]
   [Other: 11.8 ms]
      [Choose CSet: 0.0 ms]
      [Ref Proc: 9.1 ms]
      [Ref Enq: 0.0 ms]
      [Redirty Cards: 2.1 ms]
      [Humongous Register: 0.0 ms]
      [Humongous Reclaim: 0.0 ms]
      [Free CSet: 0.1 ms]
   [Eden: 50.0M(50.0M)->0.0B(50.0M) Survivors: 1024.0K->1024.0K Heap: 187.2M(1024.0M)->137.2M(1024.0M)]
 [Times: user=0.10 sys=0.00, real=0.02 secs] 
2017-05-26T06:43:37.126+0200: 244172.521: [GC pause (G1 Evacuation Pause) (young), 0.0107029 secs]
   [Parallel Time: 2.9 ms, GC Workers: 18]
      [GC Worker Start (ms): Min: 244172520.7, Avg: 244172521.6, Max: 244172522.4, Diff: 1.7]
      [Ext Root Scanning (ms): Min: 0.0, Avg: 0.2, Max: 0.6, Diff: 0.6, Sum: 2.7]
      [Update RS (ms): Min: 0.0, Avg: 0.0, Max: 0.1, Diff: 0.1, Sum: 0.6]
         [Processed Buffers: Min: 0, Avg: 1.8, Max: 10, Diff: 10, Sum: 32]
      [Scan RS (ms): Min: 0.0, Avg: 0.0, Max: 0.0, Diff: 0.0, Sum: 0.1]
      [Code Root Scanning (ms): Min: 0.0, Avg: 0.0, Max: 0.0, Diff: 0.0, Sum: 0.0]
      [Object Copy (ms): Min: 0.0, Avg: 0.0, Max: 0.1, Diff: 0.1, Sum: 0.6]
      [Termination (ms): Min: 0.0, Avg: 0.6, Max: 1.0, Diff: 1.0, Sum: 10.8]
         [Termination Attempts: Min: 1, Avg: 1.1, Max: 2, Diff: 1, Sum: 20]
      [GC Worker Other (ms): Min: 0.0, Avg: 0.0, Max: 0.0, Diff: 0.0, Sum: 0.2]
      [GC Worker Total (ms): Min: 0.0, Avg: 0.8, Max: 1.7, Diff: 1.7, Sum: 15.1]
      [GC Worker End (ms): Min: 244172522.4, Avg: 244172522.5, Max: 244172522.5, Diff: 0.0]
   [Code Root Fixup: 0.1 ms]
   [Code Root Purge: 0.0 ms]
   [Clear CT: 3.3 ms]
   [Other: 4.5 ms]
      [Choose CSet: 0.0 ms]
      [Ref Proc: 2.2 ms]
      [Ref Enq: 0.0 ms]
      [Redirty Cards: 1.9 ms]
      [Humongous Register: 0.0 ms]
      [Humongous Reclaim: 0.0 ms]
      [Free CSet: 0.1 ms]
   [Eden: 50.0M(50.0M)->0.0B(613.0M) Survivors: 1024.0K->1024.0K Heap: 187.2M(1024.0M)->137.1M(1024.0M)]
 [Times: user=0.02 sys=0.02, real=0.00 secs] 
2017-05-26T10:06:26.982+0200: 256342.377: [GC pause (G1 Evacuation Pause) (young), 0.0158741 secs]
   [Parallel Time: 4.3 ms, GC Workers: 18]
      [GC Worker Start (ms): Min: 256342376.8, Avg: 256342378.5, Max: 256342380.2, Diff: 3.4]
      [Ext Root Scanning (ms): Min: 0.0, Avg: 0.2, Max: 0.7, Diff: 0.7, Sum: 3.3]
      [Update RS (ms): Min: 0.0, Avg: 0.0, Max: 0.1, Diff: 0.1, Sum: 0.6]
         [Processed Buffers: Min: 0, Avg: 1.8, Max: 9, Diff: 9, Sum: 32]
      [Scan RS (ms): Min: 0.0, Avg: 0.1, Max: 0.1, Diff: 0.1, Sum: 1.2]
      [Code Root Scanning (ms): Min: 0.0, Avg: 0.0, Max: 0.0, Diff: 0.0, Sum: 0.0]
      [Object Copy (ms): Min: 0.0, Avg: 0.4, Max: 1.0, Diff: 1.0, Sum: 7.1]
      [Termination (ms): Min: 0.0, Avg: 1.1, Max: 1.6, Diff: 1.6, Sum: 19.2]
         [Termination Attempts: Min: 1, Avg: 10.8, Max: 33, Diff: 32, Sum: 195]
      [GC Worker Other (ms): Min: 0.0, Avg: 0.1, Max: 0.5, Diff: 0.5, Sum: 2.3]
      [GC Worker Total (ms): Min: 0.1, Avg: 1.9, Max: 3.9, Diff: 3.8, Sum: 33.7]
      [GC Worker End (ms): Min: 256342380.3, Avg: 256342380.4, Max: 256342380.7, Diff: 0.5]
   [Code Root Fixup: 0.1 ms]
   [Code Root Purge: 0.0 ms]
   [Clear CT: 1.7 ms]
   [Other: 9.8 ms]
      [Choose CSet: 0.0 ms]
      [Ref Proc: 6.7 ms]
      [Ref Enq: 0.1 ms]
      [Redirty Cards: 1.9 ms]
      [Humongous Register: 0.1 ms]
      [Humongous Reclaim: 0.0 ms]
      [Free CSet: 0.9 ms]
   [Eden: 613.0M(613.0M)->0.0B(613.0M) Survivors: 1024.0K->1024.0K Heap: 750.1M(1024.0M)->137.5M(1024.0M)]
 [Times: user=0.08 sys=0.00, real=0.02 secs] 
